Component: ARM Compiler 5.06 update 5 (build 528) Tool: armlink [4d35e2]

==============================================================================

Section Cross References

    startup_stm32f103xb.o(STACK) refers (Special) to heapauxi.o(.text) for __use_two_region_memory
    startup_stm32f103xb.o(HEAP) refers (Special) to heapauxi.o(.text) for __use_two_region_memory
    startup_stm32f103xb.o(RESET) refers (Special) to heapauxi.o(.text) for __use_two_region_memory
    startup_stm32f103xb.o(RESET) refers to startup_stm32f103xb.o(STACK) for __initial_sp
    startup_stm32f103xb.o(RESET) refers to startup_stm32f103xb.o(.text) for Reset_Handler
    startup_stm32f103xb.o(RESET) refers to stm32f1xx_it.o(i.NMI_Handler) for NMI_Handler
    startup_stm32f103xb.o(RESET) refers to stm32f1xx_it.o(i.HardFault_Handler) for HardFault_Handler
    startup_stm32f103xb.o(RESET) refers to stm32f1xx_it.o(i.MemManage_Handler) for MemManage_Handler
    startup_stm32f103xb.o(RESET) refers to stm32f1xx_it.o(i.BusFault_Handler) for BusFault_Handler
    startup_stm32f103xb.o(RESET) refers to stm32f1xx_it.o(i.UsageFault_Handler) for UsageFault_Handler
    startup_stm32f103xb.o(RESET) refers to port.o(.emb_text) for SVC_Handler
    startup_stm32f103xb.o(RESET) refers to stm32f1xx_it.o(i.DebugMon_Handler) for DebugMon_Handler
    startup_stm32f103xb.o(RESET) refers to cmsis_os2.o(i.SysTick_Handler) for SysTick_Handler
    startup_stm32f103xb.o(RESET) refers to stm32f1xx_it.o(i.TIM3_IRQHandler) for TIM3_IRQHandler
    startup_stm32f103xb.o(RESET) refers to stm32f1xx_it.o(i.TIM4_IRQHandler) for TIM4_IRQHandler
    startup_stm32f103xb.o(RESET) refers to stm32f1xx_it.o(i.USART2_IRQHandler) for USART2_IRQHandler
    startup_stm32f103xb.o(.text) refers (Special) to heapauxi.o(.text) for __use_two_region_memory
    startup_stm32f103xb.o(.text) refers to system_stm32f1xx.o(i.SystemInit) for SystemInit
    startup_stm32f103xb.o(.text) refers to __main.o(!!!main) for __main
    startup_stm32f103xb.o(.text) refers to startup_stm32f103xb.o(HEAP) for Heap_Mem
    startup_stm32f103xb.o(.text) refers to startup_stm32f103xb.o(STACK) for Stack_Mem
    main.o(i.HAL_TIM_PeriodElapsedCallback) refers to stm32f1xx_hal.o(i.HAL_IncTick) for HAL_IncTick
    main.o(i.HAL_TIM_PeriodElapsedCallback) refers to stepper.o(i.Stepper_TIM_ElapsedCallback) for Stepper_TIM_ElapsedCallback
    main.o(i.SystemClock_Config) refers to rt_memclr_w.o(.text) for __aeabi_memclr4
    main.o(i.SystemClock_Config) refers to stm32f1xx_hal_rcc.o(i.HAL_RCC_OscConfig) for HAL_RCC_OscConfig
    main.o(i.SystemClock_Config) refers to stm32f1xx_hal_rcc.o(i.HAL_RCC_ClockConfig) for HAL_RCC_ClockConfig
    main.o(i.SystemClock_Config) refers to stm32f1xx_hal_rcc_ex.o(i.HAL_RCCEx_PeriphCLKConfig) for HAL_RCCEx_PeriphCLKConfig
    main.o(i.main) refers to stm32f1xx_hal.o(i.HAL_Init) for HAL_Init
    main.o(i.main) refers to main.o(i.SystemClock_Config) for SystemClock_Config
    main.o(i.main) refers to gpio.o(i.MX_GPIO_Init) for MX_GPIO_Init
    main.o(i.main) refers to rtc.o(i.MX_RTC_Init) for MX_RTC_Init
    main.o(i.main) refers to tim.o(i.MX_TIM3_Init) for MX_TIM3_Init
    main.o(i.main) refers to usart.o(i.MX_USART2_UART_Init) for MX_USART2_UART_Init
    main.o(i.main) refers to cmsis_os2.o(i.osKernelInitialize) for osKernelInitialize
    main.o(i.main) refers to freertos.o(i.MX_FREERTOS_Init) for MX_FREERTOS_Init
    main.o(i.main) refers to cmsis_os2.o(i.osKernelStart) for osKernelStart
    gpio.o(i.MX_GPIO_Init) refers to stm32f1xx_hal_gpio.o(i.HAL_GPIO_WritePin) for HAL_GPIO_WritePin
    gpio.o(i.MX_GPIO_Init) refers to stm32f1xx_hal_gpio.o(i.HAL_GPIO_Init) for HAL_GPIO_Init
    freertos.o(i.MX_FREERTOS_Init) refers to user_taskinit.o(i.userTaskInit) for userTaskInit
    freertos.o(i.MX_FREERTOS_Init) refers to cmsis_os2.o(i.osThreadNew) for osThreadNew
    freertos.o(i.MX_FREERTOS_Init) refers to freertos.o(.constdata) for .constdata
    freertos.o(i.MX_FREERTOS_Init) refers to freertos.o(i.StartDefaultTask) for StartDefaultTask
    freertos.o(i.MX_FREERTOS_Init) refers to freertos.o(.data) for .data
    freertos.o(i.StartDefaultTask) refers to cmsis_os2.o(i.osDelay) for osDelay
    freertos.o(.constdata) refers to freertos.o(.conststring) for .conststring
    rtc.o(i.HAL_RTC_MspInit) refers to stm32f1xx_hal_pwr.o(i.HAL_PWR_EnableBkUpAccess) for HAL_PWR_EnableBkUpAccess
    rtc.o(i.MX_RTC_Init) refers to stm32f1xx_hal_rtc.o(i.HAL_RTC_Init) for HAL_RTC_Init
    rtc.o(i.MX_RTC_Init) refers to main.o(i.Error_Handler) for Error_Handler
    rtc.o(i.MX_RTC_Init) refers to rtc.o(.bss) for .bss
    tim.o(i.HAL_TIM_Base_MspDeInit) refers to stm32f1xx_hal_cortex.o(i.HAL_NVIC_DisableIRQ) for HAL_NVIC_DisableIRQ
    tim.o(i.HAL_TIM_Base_MspInit) refers to stm32f1xx_hal_cortex.o(i.HAL_NVIC_SetPriority) for HAL_NVIC_SetPriority
    tim.o(i.HAL_TIM_Base_MspInit) refers to stm32f1xx_hal_cortex.o(i.HAL_NVIC_EnableIRQ) for HAL_NVIC_EnableIRQ
[...]
    __rt_lib_init_return                     0x08000183   Thumb Code     0  libinit2.o(.ARM.Collect$$libinit$$00000033)
    __rt_lib_init_signal_1                   0x08000183   Thumb Code     0  libinit2.o(.ARM.Collect$$libinit$$0000001D)
    __rt_lib_init_stdio_1                    0x08000183   Thumb Code     0  libinit2.o(.ARM.Collect$$libinit$$00000025)
    __rt_lib_shutdown                        0x08000185   Thumb Code     0  libshutdown.o(.ARM.Collect$$libshutdown$$00000000)
    __rt_lib_shutdown_cpp_1                  0x08000187   Thumb Code     0  libshutdown2.o(.ARM.Collect$$libshutdown$$00000002)
    __rt_lib_shutdown_fp_trap_1              0x08000187   Thumb Code     0  libshutdown2.o(.ARM.Collect$$libshutdown$$00000007)
    __rt_lib_shutdown_heap_1                 0x08000187   Thumb Code     0  libshutdown2.o(.ARM.Collect$$libshutdown$$0000000F)
    __rt_lib_shutdown_return                 0x08000187   Thumb Code     0  libshutdown2.o(.ARM.Collect$$libshutdown$$00000010)
    __rt_lib_shutdown_signal_1               0x08000187   Thumb Code     0  libshutdown2.o(.ARM.Collect$$libshutdown$$0000000A)
    __rt_lib_shutdown_stdio_1                0x08000187   Thumb Code     0  libshutdown2.o(.ARM.Collect$$libshutdown$$00000004)
    __rt_lib_shutdown_user_alloc_1           0x08000187   Thumb Code     0  libshutdown2.o(.ARM.Collect$$libshutdown$$0000000C)
    __rt_entry                               0x08000189   Thumb Code     0  __rtentry.o(.ARM.Collect$$rtentry$$00000000)
    __rt_entry_presh_1                       0x08000189   Thumb Code     0  __rtentry2.o(.ARM.Collect$$rtentry$$00000002)
    __rt_entry_sh                            0x08000189   Thumb Code     0  __rtentry4.o(.ARM.Collect$$rtentry$$00000004)
    __rt_entry_li                            0x0800018f   Thumb Code     0  __rtentry2.o(.ARM.Collect$$rtentry$$0000000A)
    __rt_entry_postsh_1                      0x0800018f   Thumb Code     0  __rtentry2.o(.ARM.Collect$$rtentry$$00000009)
    __rt_entry_main                          0x08000193   Thumb Code     0  __rtentry2.o(.ARM.Collect$$rtentry$$0000000D)
    __rt_entry_postli_1                      0x08000193   Thumb Code     0  __rtentry2.o(.ARM.Collect$$rtentry$$0000000C)
    __rt_exit                                0x0800019b   Thumb Code     0  rtexit.o(.ARM.Collect$$rtexit$$00000000)
    __rt_exit_ls                             0x0800019d   Thumb Code     0  rtexit2.o(.ARM.Collect$$rtexit$$00000003)
    __rt_exit_prels_1                        0x0800019d   Thumb Code     0  rtexit2.o(.ARM.Collect$$rtexit$$00000002)
    __rt_exit_exit                           0x080001a1   Thumb Code     0  rtexit2.o(.ARM.Collect$$rtexit$$00000004)
    SVC_Handler                              0x080001a9   Thumb Code    32  port.o(.emb_text)
    __asm___6_port_c_39a90d8d__prvStartFirstTask 0x080001cd   Thumb Code    28  port.o(.emb_text)
    PendSV_Handler                           0x080001ed   Thumb Code    72  port.o(.emb_text)
    vPortGetIPSR                             0x08000239   Thumb Code     6  port.o(.emb_text)
    Reset_Handler                            0x08000241   Thumb Code     8  startup_stm32f103xb.o(.text)
    ADC1_2_IRQHandler                        0x0800025b   Thumb Code     0  startup_stm32f103xb.o(.text)
    CAN1_RX1_IRQHandler                      0x0800025b   Thumb Code     0  startup_stm32f103xb.o(.text)
    CAN1_SCE_IRQHandler                      0x0800025b   Thumb Code     0  startup_stm32f103xb.o(.text)
    DMA1_Channel1_IRQHandler                 0x0800025b   Thumb Code     0  startup_stm32f103xb.o(.text)
    DMA1_Channel2_IRQHandler                 0x0800025b   Thumb Code     0  startup_stm32f103xb.o(.text)
    DMA1_Channel3_IRQHandler                 0x0800025b   Thumb Code     0  startup_stm32f103xb.o(.text)
    DMA1_Channel4_IRQHandler                 0x0800025b   Thumb Code     0  startup_stm32f103xb.o(.text)
    DMA1_Channel5_IRQHandler                 0x0800025b   Thumb Code     0  startup_stm32f103xb.o(.text)
    DMA1_Channel6_IRQHandler                 0x0800025b   Thumb Code     0  startup_stm32f103xb.o(.text)
    DMA1_Channel7_IRQHandler                 0x0800025b   Thumb Code     0  startup_stm32f103xb.o(.text)
    EXTI0_IRQHandler                         0x0800025b   Thumb Code     0  startup_stm32f103xb.o(.text)
    EXTI15_10_IRQHandler                     0x0800025b   Thumb Code     0  startup_stm32f103xb.o(.text)
    EXTI1_IRQHandler                         0x0800025b   Thumb Code     0  startup_stm32f103xb.o(.text)
    EXTI2_IRQHandler                         0x0800025b   Thumb Code     0  startup_stm32f103xb.o(.text)
    EXTI3_IRQHandler                         0x0800025b   Thumb Code     0  startup_stm32f103xb.o(.text)
    EXTI4_IRQHandler                         0x0800025b   Thumb Code     0  startup_stm32f103xb.o(.text)
    EXTI9_5_IRQHandler                       0x0800025b   Thumb Code     0  startup_stm32f103xb.o(.text)
    FLASH_IRQHandler                         0x0800025b   Thumb Code     0  startup_stm32f103xb.o(.text)
    I2C1_ER_IRQHandler                       0x0800025b   Thumb Code     0  startup_stm32f103xb.o(.text)
    I2C1_EV_IRQHandler                       0x0800025b   Thumb Code     0  startup_stm32f103xb.o(.text)
    I2C2_ER_IRQHandler                       0x0800025b   Thumb Code     0  startup_stm32f103xb.o(.text)
    I2C2_EV_IRQHandler                       0x0800025b   Thumb Code     0  startup_stm32f103xb.o(.text)
    PVD_IRQHandler                           0x0800025b   Thumb Code     0  startup_stm32f103xb.o(.text)
    RCC_IRQHandler                           0x0800025b   Thumb Code     0  startup_stm32f103xb.o(.text)
    RTC_Alarm_IRQHandler                     0x0800025b   Thumb Code     0  startup_stm32f103xb.o(.text)
    RTC_IRQHandler                           0x0800025b   Thumb Code     0  startup_stm32f103xb.o(.text)
    SPI1_IRQHandler                          0x0800025b   Thumb Code     0  startup_stm32f103xb.o(.text)
    SPI2_IRQHandler                          0x0800025b   Thumb Code     0  startup_stm32f103xb.o(.text)
    TAMPER_IRQHandler                        0x0800025b   Thumb Code     0  startup_stm32f103xb.o(.text)
    TIM1_BRK_IRQHandler                      0x0800025b   Thumb Code     0  startup_stm32f103xb.o(.text)
    TIM1_CC_IRQHandler                       0x0800025b   Thumb Code     0  startup_stm32f103xb.o(.text)
    TIM1_TRG_COM_IRQHandler                  0x0800025b   Thumb Code     0  startup_stm32f103xb.o(.text)
    TIM1_UP_IRQHandler                       0x0800025b   Thumb Code     0  startup_stm32f103xb.o(.text)
    TIM2_IRQHandler                          0x0800025b   Thumb Code     0  startup_stm32f103xb.o(.text)
    USART1_IRQHandler                        0x0800025b   Thumb Code     0  startup_stm32f103xb.o(.text)
    USART3_IRQHandler                        0x0800025b   Thumb Code     0  startup_stm32f103xb.o(.text)
    USBWakeUp_IRQHandler                     0x0800025b   Thumb Code     0  startup_stm32f103xb.o(.text)
    USB_HP_CAN1_TX_IRQHandler                0x0800025b   Thumb Code     0  startup_stm32f103xb.o(.text)
    USB_LP_CAN1_RX0_IRQHandler               0x0800025b   Thumb Code     0  startup_stm32f103xb.o(.text)
    WWDG_IRQHandler                          0x0800025b   Thumb Code     0  startup_stm32f103xb.o(.text)
    __user_initial_stackheap                 0x0800025d   Thumb Code     0  startup_stm32f103xb.o(.text)
    __2snprintf                              0x08000281   Thumb Code    48  noretval__2snprintf.o(.text)
    _printf_int_dec                          0x080002b5   Thumb Code   104  _printf_dec.o(.text)
    __printf                                 0x0800032d   Thumb Code   352  __printf_ss_wp.o(.text)
    __aeabi_memcpy                           0x0800048d   Thumb Code     0  rt_memcpy_v6.o(.text)
    __rt_memcpy                              0x0800048d   Thumb Code   138  rt_memcpy_v6.o(.text)
    _memcpy_lastbytes                        0x080004f3   Thumb Code     0  rt_memcpy_v6.o(.text)
    __aeabi_memset                           0x08000517   Thumb Code    16  aeabi_memset.o(.text)
    __aeabi_memclr4                          0x08000527   Thumb Code     0  rt_memclr_w.o(.text)
    __aeabi_memclr8                          0x08000527   Thumb Code     0  rt_memclr_w.o(.text)
    __rt_memclr_w                            0x08000527   Thumb Code    78  rt_memclr_w.o(.text)
    _memset_w                                0x0800052b   Thumb Code     0  rt_memclr_w.o(.text)
    __use_two_region_memory                  0x08000575   Thumb Code     2  heapauxi.o(.text)
    __rt_heap_escrow$2region                 0x08000577   Thumb Code     2  heapauxi.o(.text)
    __rt_heap_expand$2region                 0x08000579   Thumb Code     2  heapauxi.o(.text)
    __read_errno                             0x0800057b   Thumb Code    10  _rserrno.o(.text)
    __set_errno                              0x08000585   Thumb Code    12  _rserrno.o(.text)
    _printf_int_common                       0x08000591   Thumb Code   178  _printf_intcommon.o(.text)
    __lib_sel_fp_printf                      0x08000643   Thumb Code     2  _printf_fp_dec.o(.text)
    _printf_fp_dec_real                      0x080007f5   Thumb Code   620  _printf_fp_dec.o(.text)
    _printf_char_common                      0x08000a6b   Thumb Code    32  _printf_char_common.o(.text)
    _sputc                                   0x08000a91   Thumb Code    10  _sputc.o(.text)
    _snputc                                  0x08000a9b   Thumb Code    16  _snputc.o(.text)
    __aeabi_memcpy4                          0x08000aab   Thumb Code     0  rt_memcpy_w.o(.text)
    __aeabi_memcpy8                          0x08000aab   Thumb Code     0  rt_memcpy_w.o(.text)
    __rt_memcpy_w                            0x08000aab   Thumb Code   100  rt_memcpy_w.o(.text)
    _memcpy_lastbytes_aligned                0x08000af3   Thumb Code     0  rt_memcpy_w.o(.text)
    __aeabi_memclr                           0x08000b0f   Thumb Code     0  rt_memclr.o(.text)
    __rt_memclr                              0x08000b0f   Thumb Code    68  rt_memclr.o(.text)
    _memset                                  0x08000b13   Thumb Code     0  rt_memclr.o(.text)
    __rt_locale                              0x08000b55   Thumb Code     8  rt_locale_intlibspace.o(.text)
    __aeabi_errno_addr                       0x08000b5d   Thumb Code     8  rt_errno_addr_intlibspace.o(.text)
    __errno$intlibspace                      0x08000b5d   Thumb Code     0  rt_errno_addr_intlibspace.o(.text)
    __rt_errno_addr$intlibspace              0x08000b5d   Thumb Code     0  rt_errno_addr_intlibspace.o(.text)
    _ll_udiv10                               0x08000b65   Thumb Code   138  lludiv10.o(.text)
    _printf_fp_infnan                        0x08000bf1   Thumb Code   112  _printf_fp_infnan.o(.text)
    _btod_etento                             0x08000c71   Thumb Code   224  bigflt0.o(.text)
    __user_libspace                          0x08000d55   Thumb Code     8  libspace.o(.text)
    __user_perproc_libspace                  0x08000d55   Thumb Code     0  libspace.o(.text)
    __user_perthread_libspace                0x08000d55   Thumb Code     0  libspace.o(.text)
    __user_setup_stackheap                   0x08000d5d   Thumb Code    74  sys_stackheap_outer.o(.text)
    exit                                     0x08000da7   Thumb Code    18  exit.o(.text)
    strcmp                                   0x08000db9   Thumb Code   128  strcmpv7m.o(.text)
    _sys_exit                                0x08000e39   Thumb Code     8  sys_exit.o(.text)
    __I$use$semihosting                      0x08000e45   Thumb Code     0  use_no_semi.o(.text)
    __use_no_semihosting_swi                 0x08000e45   Thumb Code     2  use_no_semi.o(.text)
    __semihosting_library_function           0x08000e47   Thumb Code     0  indicate_semi.o(.text)
    _btod_d2e                                0x08000e47   Thumb Code    62  btod.o(CL$$btod_d2e)
    _d2e_denorm_low                          0x08000e85   Thumb Code    70  btod.o(CL$$btod_d2e_denorm_low)
    _d2e_norm_op1                            0x08000ecb   Thumb Code    96  btod.o(CL$$btod_d2e_norm_op1)
    __btod_div_common                        0x08000f2b   Thumb Code   696  btod.o(CL$$btod_div_common)
    _e2e                                     0x08001263   Thumb Code   220  btod.o(CL$$btod_e2e)
    _btod_ediv                               0x0800133f   Thumb Code    42  btod.o(CL$$btod_ediv)
    _btod_emul                               0x08001369   Thumb Code    42  btod.o(CL$$btod_emul)
    __btod_mult_common                       0x08001393   Thumb Code   580  btod.o(CL$$btod_mult_common)
    BusFault_Handler                         0x080015e7   Thumb Code     2  stm32f1xx_it.o(i.BusFault_Handler)
    DebugMon_Handler                         0x080015e9   Thumb Code     2  stm32f1xx_it.o(i.DebugMon_Handler)
    Error_Handler                            0x080015eb   Thumb Code     4  main.o(i.Error_Handler)
    HAL_DMA_Abort                            0x080015ef   Thumb Code    70  stm32f1xx_hal_dma.o(i.HAL_DMA_Abort)
    HAL_DMA_Abort_IT                         0x08001635   Thumb Code   148  stm32f1xx_hal_dma.o(i.HAL_DMA_Abort_IT)
    HAL_GPIO_Init                            0x080016cd   Thumb Code   446  stm32f1xx_hal_gpio.o(i.HAL_GPIO_Init)
    HAL_GPIO_TogglePin                       0x080018ad   Thumb Code    16  stm32f1xx_hal_gpio.o(i.HAL_GPIO_TogglePin)
    HAL_GPIO_WritePin                        0x080018bd   Thumb Code    10  stm32f1xx_hal_gpio.o(i.HAL_GPIO_WritePin)
    HAL_GetTick                              0x080018c9   Thumb Code     6  stm32f1xx_hal.o(i.HAL_GetTick)
    HAL_IncTick                              0x080018d5   Thumb Code    12  stm32f1xx_hal.o(i.HAL_IncTick)
    HAL_Init                                 0x080018e5   Thumb Code    32  stm32f1xx_hal.o(i.HAL_Init)
    HAL_InitTick                             0x08001909   Thumb Code   132  stm32f1xx_hal_timebase_tim.o(i.HAL_InitTick)
    HAL_MspInit                              0x080019a1   Thumb Code    62  stm32f1xx_hal_msp.o(i.HAL_MspInit)
    HAL_NVIC_EnableIRQ                       0x080019e9   Thumb Code    26  stm32f1xx_hal_cortex.o(i.HAL_NVIC_EnableIRQ)
    HAL_NVIC_SetPriority                     0x08001a05   Thumb Code    60  stm32f1xx_hal_cortex.o(i.HAL_NVIC_SetPriority)
    HAL_NVIC_SetPriorityGrouping             0x08001a45   Thumb Code    26  stm32f1xx_hal_cortex.o(i.HAL_NVIC_SetPriorityGrouping)
    HAL_PWR_EnableBkUpAccess                 0x08001a69   Thumb Code     8  stm32f1xx_hal_pwr.o(i.HAL_PWR_EnableBkUpAccess)
    HAL_RCCEx_GetPeriphCLKFreq               0x08001a75   Thumb Code   148  stm32f1xx_hal_rcc_ex.o(i.HAL_RCCEx_GetPeriphCLKFreq)
    HAL_RCCEx_PeriphCLKConfig                0x08001b19   Thumb Code   224  stm32f1xx_hal_rcc_ex.o(i.HAL_RCCEx_PeriphCLKConfig)
    HAL_RCC_ClockConfig                      0x08001c05   Thumb Code   280  stm32f1xx_hal_rcc.o(i.HAL_RCC_ClockConfig)
    HAL_RCC_GetClockConfig                   0x08001d31   Thumb Code    54  stm32f1xx_hal_rcc.o(i.HAL_RCC_GetClockConfig)
    HAL_RCC_GetPCLK1Freq                     0x08001d71   Thumb Code    20  stm32f1xx_hal_rcc.o(i.HAL_RCC_GetPCLK1Freq)
    HAL_RCC_GetPCLK2Freq                     0x08001d91   Thumb Code    20  stm32f1xx_hal_rcc.o(i.HAL_RCC_GetPCLK2Freq)
    HAL_RCC_GetSysClockFreq                  0x08001db1   Thumb Code    58  stm32f1xx_hal_rcc.o(i.HAL_RCC_GetSysClockFreq)
    HAL_RCC_OscConfig                        0x08001dfd   Thumb Code   778  stm32f1xx_hal_rcc.o(i.HAL_RCC_OscConfig)
    HAL_RTC_Init                             0x0800211d   Thumb Code   144  stm32f1xx_hal_rtc.o(i.HAL_RTC_Init)
    HAL_RTC_MspInit                          0x080021b1   Thumb Code    40  rtc.o(i.HAL_RTC_MspInit)
    HAL_RTC_WaitForSynchro                   0x080021e5   Thumb Code    58  stm32f1xx_hal_rtc.o(i.HAL_RTC_WaitForSynchro)
    HAL_TIMEx_BreakCallback                  0x0800221f   Thumb Code     2  stm32f1xx_hal_tim_ex.o(i.HAL_TIMEx_BreakCallback)
    HAL_TIMEx_CommutCallback                 0x08002221   Thumb Code     2  stm32f1xx_hal_tim_ex.o(i.HAL_TIMEx_CommutCallback)
    HAL_TIMEx_MasterConfigSynchronization    0x08002225   Thumb Code    92  stm32f1xx_hal_tim_ex.o(i.HAL_TIMEx_MasterConfigSynchronization)
    HAL_TIM_Base_Init                        0x0800228d   Thumb Code    90  stm32f1xx_hal_tim.o(i.HAL_TIM_Base_Init)
    HAL_TIM_Base_MspInit                     0x080022e9   Thumb Code    60  tim.o(i.HAL_TIM_Base_MspInit)
    HAL_TIM_Base_Start                       0x0800232d   Thumb Code    66  stm32f1xx_hal_tim.o(i.HAL_TIM_Base_Start)
    HAL_TIM_Base_Start_IT                    0x0800237d   Thumb Code    76  stm32f1xx_hal_tim.o(i.HAL_TIM_Base_Start_IT)
    HAL_TIM_ConfigClockSource                0x080023d5   Thumb Code   220  stm32f1xx_hal_tim.o(i.HAL_TIM_ConfigClockSource)
    HAL_TIM_IC_CaptureCallback               0x080024b1   Thumb Code     2  stm32f1xx_hal_tim.o(i.HAL_TIM_IC_CaptureCallback)
    HAL_TIM_IRQHandler                       0x080024b3   Thumb Code   304  stm32f1xx_hal_tim.o(i.HAL_TIM_IRQHandler)
    HAL_TIM_OC_DelayElapsedCallback          0x080025e3   Thumb Code     2  stm32f1xx_hal_tim.o(i.HAL_TIM_OC_DelayElapsedCallback)
    HAL_TIM_PWM_PulseFinishedCallback        0x080025e5   Thumb Code     2  stm32f1xx_hal_tim.o(i.HAL_TIM_PWM_PulseFinishedCallback)
    HAL_TIM_PeriodElapsedCallback            0x080025e9   Thumb Code    26  main.o(i.HAL_TIM_PeriodElapsedCallback)
    HAL_TIM_TriggerCallback                  0x08002609   Thumb Code     2  stm32f1xx_hal_tim.o(i.HAL_TIM_TriggerCallback)
    HAL_UARTEx_RxEventCallback               0x0800260b   Thumb Code     2  stm32f1xx_hal_uart.o(i.HAL_UARTEx_RxEventCallback)
    HAL_UART_ErrorCallback                   0x0800260d   Thumb Code     2  stm32f1xx_hal_uart.o(i.HAL_UART_ErrorCallback)
    HAL_UART_IRQHandler                      0x08002611   Thumb Code   616  stm32f1xx_hal_uart.o(i.HAL_UART_IRQHandler)
    HAL_UART_Init                            0x0800287d   Thumb Code   100  stm32f1xx_hal_uart.o(i.HAL_UART_Init)
    HAL_UART_MspInit                         0x080028e1   Thumb Code   114  usart.o(i.HAL_UART_MspInit)
    HAL_UART_RxCpltCallback                  0x08002961   Thumb Code     2  stm32f1xx_hal_uart.o(i.HAL_UART_RxCpltCallback)
    HAL_UART_TxCpltCallback                  0x08002963   Thumb Code     2  stm32f1xx_hal_uart.o(i.HAL_UART_TxCpltCallback)
    HardFault_Handler                        0x08002965   Thumb Code     2  stm32f1xx_it.o(i.HardFault_Handler)
    MPU6050_Calibrate_GyroAcc                0x080029fd   Thumb Code    86  mpu6050.o(i.MPU6050_Calibrate_GyroAcc)
    MPU6050_Init                             0x08002a53   Thumb Code   118  mpu6050.o(i.MPU6050_Init)
    MPU6050_KalmanUpdate                     0x08002ac9   Thumb Code   564  mpu6050.o(i.MPU6050_KalmanUpdate)
    MPU6050_ReadAccel                        0x08002d29   Thumb Code    54  mpu6050.o(i.MPU6050_ReadAccel)
    MPU6050_ReadGyro                         0x08002d5f   Thumb Code    54  mpu6050.o(i.MPU6050_ReadGyro)
    MX_FREERTOS_Init                         0x08002d95   Thumb Code    22  freertos.o(i.MX_FREERTOS_Init)
    MX_GPIO_Init                             0x08002db9   Thumb Code   160  gpio.o(i.MX_GPIO_Init)
    MX_RTC_Init                              0x08002e65   Thumb Code    38  rtc.o(i.MX_RTC_Init)
    MX_TIM3_Init                             0x08002e95   Thumb Code    96  tim.o(i.MX_TIM3_Init)
    MX_USART2_UART_Init                      0x08002efd   Thumb Code    48  usart.o(i.MX_USART2_UART_Init)
    MemManage_Handler                        0x08002f35   Thumb Code     2  stm32f1xx_it.o(i.MemManage_Handler)
    Motor_GetCurrentSteps                    0x08002f39   Thumb Code     6  motor_task.o(i.Motor_GetCurrentSteps)
    NMI_Handler                              0x08002f45   Thumb Code     2  stm32f1xx_it.o(i.NMI_Handler)
    OLED_Clear                               0x08002f47   Thumb Code    38  oled.o(i.OLED_Clear)
    OLED_Init                                0x08002f6d   Thumb Code   180  oled.o(i.OLED_Init)
    OLED_SetCursor                           0x08003029   Thumb Code    34  oled.o(i.OLED_SetCursor)
    OLED_ShowChar                            0x0800304d   Thumb Code    98  oled.o(i.OLED_ShowChar)
    OLED_ShowString                          0x080030b5   Thumb Code    38  oled.o(i.OLED_ShowString)
    OLED_WriteCommand                        0x080030dd   Thumb Code   146  oled.o(i.OLED_WriteCommand)
    OLED_WriteData                           0x08003175   Thumb Code   146  oled.o(i.OLED_WriteData)
    PID_Init                                 0x0800320d   Thumb Code    24  pid.o(i.PID_Init)
    PID_Reset                                0x08003225   Thumb Code     8  pid.o(i.PID_Reset)
    PID_Update                               0x0800322d   Thumb Code   246  pid.o(i.PID_Update)
    Ramp_Init                                0x08003397   Thumb Code     8  ramp.o(i.Ramp_Init)
    Ramp_Reset                               0x0800339f   Thumb Code     4  ramp.o(i.Ramp_Reset)
    Ramp_Update                              0x080033a5   Thumb Code    82  ramp.o(i.Ramp_Update)
    SCL_Output                               0x08003401   Thumb Code    12  iic.o(i.SCL_Output)
    StartDefaultTask                         0x0800346b   Thumb Code     8  freertos.o(i.StartDefaultTask)
    Stepper_GetSteps                         0x08003515   Thumb Code     4  stepper.o(i.Stepper_GetSteps)
    Stepper_Init                             0x08003519   Thumb Code    94  stepper.o(i.Stepper_Init)
    Stepper_SetLimit                         0x0800358d   Thumb Code     6  stepper.o(i.Stepper_SetLimit)
    Stepper_SetSpeed                         0x08003595   Thumb Code   132  stepper.o(i.Stepper_SetSpeed)
    Stepper_TIM_ElapsedCallback              0x08003625   Thumb Code    92  stepper.o(i.Stepper_TIM_ElapsedCallback)
    SysTick_Handler                          0x080036cd   Thumb Code    26  cmsis_os2.o(i.SysTick_Handler)
    SystemClock_Config                       0x080036e7   Thumb Code   128  main.o(i.SystemClock_Config)
    SystemInit                               0x08003767   Thumb Code     2  system_stm32f1xx.o(i.SystemInit)
    TIM3_IRQHandler                          0x08003769   Thumb Code     6  stm32f1xx_it.o(i.TIM3_IRQHandler)
    TIM4_IRQHandler                          0x08003775   Thumb Code     6  stm32f1xx_it.o(i.TIM4_IRQHandler)
    TIM_Base_SetConfig                       0x08003781   Thumb Code   108  stm32f1xx_hal_tim.o(i.TIM_Base_SetConfig)
    TIM_ETR_SetConfig                        0x080037f9   Thumb Code    20  stm32f1xx_hal_tim.o(i.TIM_ETR_SetConfig)
    USART2_IRQHandler                        0x08003a3d   Thumb Code     6  stm32f1xx_it.o(i.USART2_IRQHandler)
    UsageFault_Handler                       0x08003a49   Thumb Code     2  stm32f1xx_it.o(i.UsageFault_Handler)
    __ARM_fpclassify                         0x08003a4b   Thumb Code    40  fpclassify.o(i.__ARM_fpclassify)
    __ARM_fpclassifyf                        0x08003a73   Thumb Code    38  fpclassifyf.o(i.__ARM_fpclassifyf)
    __mathlib_flt_infnan                     0x08003ad3   Thumb Code     6  funder.o(i.__mathlib_flt_infnan)
    __mathlib_flt_infnan2                    0x08003ad9   Thumb Code     4  funder.o(i.__mathlib_flt_infnan2)
    __mathlib_flt_invalid                    0x08003add   Thumb Code     8  funder.o(i.__mathlib_flt_invalid)
    __mathlib_flt_underflow                  0x08003ae5   Thumb Code    10  funder.o(i.__mathlib_flt_underflow)
    __mathlib_rredf2                         0x08003af1   Thumb Code   344  rredf.o(i.__mathlib_rredf2)
    _is_digit                                0x08003c59   Thumb Code    14  __printf_wp.o(i._is_digit)
    atan2f                                   0x08003c69   Thumb Code   528  atan2f.o(i.atan2f)
    cosf                                     0x08003ec5   Thumb Code   328  cosf.o(i.cosf)
    delay_ms                                 0x08004041   Thumb Code    24  delay.o(i.delay_ms)
    delay_us                                 0x08004059   Thumb Code    54  delay.o(i.delay_us)
    iic_init                                 0x08004099   Thumb Code    62  iic.o(i.iic_init)
    iic_read_byte                            0x080040d7   Thumb Code    78  iic.o(i.iic_read_byte)
    iic_send_ack                             0x08004125   Thumb Code    54  iic.o(i.iic_send_ack)
    iic_send_byte                            0x0800415b   Thumb Code    86  iic.o(i.iic_send_byte)
    iic_send_nack                            0x080041b1   Thumb Code    54  iic.o(i.iic_send_nack)
    iic_start                                0x080041e7   Thumb Code    68  iic.o(i.iic_start)
    iic_stop                                 0x0800422b   Thumb Code    68  iic.o(i.iic_stop)
    iic_wait_ack                             0x0800426f   Thumb Code    48  iic.o(i.iic_wait_ack)
    imu_GetPose                              0x080042a1   Thumb Code    26  imu_task.o(i.imu_GetPose)
    imu_Task                                 0x080042c1   Thumb Code    56  imu_task.o(i.imu_Task)
    ledTask                                  0x08004301   Thumb Code    26  user_taskinit.o(i.ledTask)
    main                                     0x08004321   Thumb Code    38  main.o(i.main)
    mpu6050_GPIO_Init                        0x08004349   Thumb Code    28  mpu6050.o(i.mpu6050_GPIO_Init)
    mpu6050_ReadMulti                        0x0800436d   Thumb Code   134  mpu6050.o(i.mpu6050_ReadMulti)
    mpu6050_ReadReg                          0x080043f9   Thumb Code    98  mpu6050.o(i.mpu6050_ReadReg)
    mpu6050_WriteReg                         0x08004461   Thumb Code    74  mpu6050.o(i.mpu6050_WriteReg)
    oledDisplay_Task                         0x080044b1   Thumb Code   138  display_task.o(i.oledDisplay_Task)
    osDelay                                  0x08004581   Thumb Code    26  cmsis_os2.o(i.osDelay)
    osKernelGetTickCount                     0x0800459b   Thumb Code    14  cmsis_os2.o(i.osKernelGetTickCount)
    osKernelInitialize                       0x080045a9   Thumb Code    32  cmsis_os2.o(i.osKernelInitialize)
    osKernelStart                            0x080045cd   Thumb Code    48  cmsis_os2.o(i.osKernelStart)
    osMessageQueueGet                        0x08004605   Thumb Code    96  cmsis_os2.o(i.osMessageQueueGet)
    osMessageQueueNew                        0x08004669   Thumb Code    88  cmsis_os2.o(i.osMessageQueueNew)
    osMessageQueuePut                        0x080046c1   Thumb Code   100  cmsis_os2.o(i.osMessageQueuePut)
    osThreadNew                              0x08004729   Thumb Code   138  cmsis_os2.o(i.osThreadNew)
    pvPortMalloc                             0x08004f49   Thumb Code   226  heap_4.o(i.pvPortMalloc)
    pxPortInitialiseStack                    0x08005031   Thumb Code    32  port.o(i.pxPortInitialiseStack)
    sinf                                     0x08005055   Thumb Code   338  sinf.o(i.sinf)
    sqrtf                                    0x080051dd   Thumb Code    44  sqrtf.o(i.sqrtf)
    stepper_Task                             0x08005209   Thumb Code   224  motor_task.o(i.stepper_Task)
    tanf                                     0x08005319   Thumb Code   314  tanf.o(i.tanf)
    userTaskInit                             0x0800548d   Thumb Code    98  user_taskinit.o(i.userTaskInit)
    uxListRemove                             0x08005509   Thumb Code    38  list.o(i.uxListRemove)
    vApplicationGetIdleTaskMemory            0x08005531   Thumb Code    16  cmsis_os2.o(i.vApplicationGetIdleTaskMemory)
    vApplicationGetTimerTaskMemory           0x08005545   Thumb Code    18  cmsis_os2.o(i.vApplicationGetTimerTaskMemory)
    vApplicationMallocFailedHook             0x0800555d   Thumb Code     2  freertos.o(i.vApplicationMallocFailedHook)
    vApplicationStackOverflowHook            0x0800555f   Thumb Code    16  freertos.o(i.vApplicationStackOverflowHook)
    vListInitialise                          0x0800556f   Thumb Code    22  list.o(i.vListInitialise)
    vListInitialiseItem                      0x08005585   Thumb Code     6  list.o(i.vListInitialiseItem)
    vListInsert                              0x0800558b   Thumb Code    48  list.o(i.vListInsert)
    vListInsertEnd                           0x080055bb   Thumb Code    24  list.o(i.vListInsertEnd)
    vPortEnterCritical                       0x080055d5   Thumb Code    54  port.o(i.vPortEnterCritical)
    vPortExitCritical                        0x08005615   Thumb Code    34  port.o(i.vPortExitCritical)
    vPortFree                                0x0800563d   Thumb Code    94  heap_4.o(i.vPortFree)
    vPortSetupTimerInterrupt                 0x080056a1   Thumb Code    32  port.o(i.vPortSetupTimerInterrupt)
    vPortValidateInterruptPriority           0x080056c5   Thumb Code    74  port.o(i.vPortValidateInterruptPriority)
    vQueueAddToRegistry                      0x08005719   Thumb Code    34  queue.o(i.vQueueAddToRegistry)
    vQueueWaitForMessageRestricted           0x08005741   Thumb Code    68  queue.o(i.vQueueWaitForMessageRestricted)
    vTaskDelay                               0x08005785   Thumb Code    66  tasks.o(i.vTaskDelay)
    vTaskInternalSetTimeOutState             0x080057d1   Thumb Code    12  tasks.o(i.vTaskInternalSetTimeOutState)
    vTaskMissedYield                         0x080057e1   Thumb Code     8  tasks.o(i.vTaskMissedYield)
    vTaskPlaceOnEventList                    0x080057ed   Thumb Code    44  tasks.o(i.vTaskPlaceOnEventList)
    vTaskPlaceOnEventListRestricted          0x0800581d   Thumb Code    52  tasks.o(i.vTaskPlaceOnEventListRestricted)
    vTaskStartScheduler                      0x08005855   Thumb Code   118  tasks.o(i.vTaskStartScheduler)
    vTaskSuspendAll                          0x080058dd   Thumb Code    10  tasks.o(i.vTaskSuspendAll)
    vTaskSwitchContext                       0x080058ed   Thumb Code   132  tasks.o(i.vTaskSwitchContext)
    xPortStartScheduler                      0x08005979   Thumb Code   154  port.o(i.xPortStartScheduler)
    xPortSysTickHandler                      0x08005a21   Thumb Code    38  port.o(i.xPortSysTickHandler)
    xQueueGenericCreate                      0x08005a4d   Thumb Code    66  queue.o(i.xQueueGenericCreate)
    xQueueGenericCreateStatic                0x08005a8f   Thumb Code   102  queue.o(i.xQueueGenericCreateStatic)
    xQueueGenericReset                       0x08005af5   Thumb Code   132  queue.o(i.xQueueGenericReset)
    xQueueGenericSend                        0x08005b7d   Thumb Code   346  queue.o(i.xQueueGenericSend)
    xQueueGenericSendFromISR                 0x08005cdd   Thumb Code   190  queue.o(i.xQueueGenericSendFromISR)
    xQueueReceive                            0x08005d9d   Thumb Code   308  queue.o(i.xQueueReceive)
    xQueueReceiveFromISR                     0x08005ed5   Thumb Code   154  queue.o(i.xQueueReceiveFromISR)
    xTaskCheckForTimeOut                     0x08005f71   Thumb Code   112  tasks.o(i.xTaskCheckForTimeOut)
    xTaskCreate                              0x08005fe5   Thumb Code    90  tasks.o(i.xTaskCreate)
    xTaskCreateStatic                        0x0800603f   Thumb Code    86  tasks.o(i.xTaskCreateStatic)
    xTaskGetSchedulerState                   0x08006095   Thumb Code    22  tasks.o(i.xTaskGetSchedulerState)
    xTaskGetTickCount                        0x080060b1   Thumb Code     6  tasks.o(i.xTaskGetTickCount)
    xTaskGetTickCountFromISR                 0x080060bd   Thumb Code    12  tasks.o(i.xTaskGetTickCountFromISR)
    xTaskIncrementTick                       0x080060cd   Thumb Code   192  tasks.o(i.xTaskIncrementTick)
    xTaskPriorityDisinherit                  0x08006195   Thumb Code   118  tasks.o(i.xTaskPriorityDisinherit)
    xTaskRemoveFromEventList                 0x08006215   Thumb Code    98  tasks.o(i.xTaskRemoveFromEventList)
    xTaskResumeAll                           0x08006285   Thumb Code   182  tasks.o(i.xTaskResumeAll)
    xTimerCreateTimerTask                    0x08006349   Thumb Code    78  timers.o(i.xTimerCreateTimerTask)
    xTimerGenericCommand                     0x080063a9   Thumb Code    98  timers.o(i.xTimerGenericCommand)
    _get_lc_numeric                          0x08006411   Thumb Code    44  lc_numeric_c.o(locale$$code)
    __fpl_dretinf                            0x0800643d   Thumb Code    12  dretinf.o(x$fpl$dretinf)
    __aeabi_f2d                              0x08006449   Thumb Code     0  f2d.o(x$fpl$f2d)
    _f2d                                     0x08006449   Thumb Code    86  f2d.o(x$fpl$f2d)
    __aeabi_fadd                             0x080064a1   Thumb Code     0  faddsub_clz.o(x$fpl$fadd)
    _fadd                                    0x080064a1   Thumb Code   196  faddsub_clz.o(x$fpl$fadd)
    __fpl_fcheck_NaN1                        0x08006565   Thumb Code     6  fcheck1.o(x$fpl$fcheck1)
    __fpl_fcmp_Inf                           0x08006571   Thumb Code    24  fcmpi.o(x$fpl$fcmpinf)
    __aeabi_fdiv                             0x08006589   Thumb Code     0  fdiv.o(x$fpl$fdiv)
    _fdiv                                    0x08006589   Thumb Code   384  fdiv.o(x$fpl$fdiv)
    __aeabi_f2iz                             0x0800670d   Thumb Code     0  ffix.o(x$fpl$ffix)
    _ffix                                    0x0800670d   Thumb Code    54  ffix.o(x$fpl$ffix)
    __aeabi_f2uiz                            0x08006745   Thumb Code     0  ffixu.o(x$fpl$ffixu)
    _ffixu                                   0x08006745   Thumb Code    62  ffixu.o(x$fpl$ffixu)
    __aeabi_i2f                              0x08006785   Thumb Code     0  fflt_clz.o(x$fpl$fflt)
    _fflt                                    0x08006785   Thumb Code    48  fflt_clz.o(x$fpl$fflt)
    __aeabi_ui2f                             0x080067b5   Thumb Code     0  fflt_clz.o(x$fpl$ffltu)
    _ffltu                                   0x080067b5   Thumb Code    38  fflt_clz.o(x$fpl$ffltu)
    __aeabi_cfcmple                          0x080067dd   Thumb Code     0  fleqf.o(x$fpl$fleqf)
    _fcmple                                  0x080067dd   Thumb Code   104  fleqf.o(x$fpl$fleqf)
    __fpl_fcmple_InfNaN                      0x0800682f   Thumb Code     0  fleqf.o(x$fpl$fleqf)
    __aeabi_fmul                             0x08006845   Thumb Code     0  fmul.o(x$fpl$fmul)
    _fmul                                    0x08006845   Thumb Code   258  fmul.o(x$fpl$fmul)
    __fpl_fnaninf                            0x08006947   Thumb Code   140  fnaninf.o(x$fpl$fnaninf)
    __fpl_fretinf                            0x080069d3   Thumb Code    10  fretinf.o(x$fpl$fretinf)
    __aeabi_cfrcmple                         0x080069dd   Thumb Code     0  frleqf.o(x$fpl$frleqf)
    _frcmple                                 0x080069dd   Thumb Code    98  frleqf.o(x$fpl$frleqf)
    _frnd                                    0x08006a41   Thumb Code    96  frnd.o(x$fpl$frnd)
    __aeabi_frsub                            0x08006aa1   Thumb Code     0  faddsub_clz.o(x$fpl$frsb)
    _frsb                                    0x08006aa1   Thumb Code    20  faddsub_clz.o(x$fpl$frsb)
    _fsqrt                                   0x08006ab5   Thumb Code   272  fsqrt.o(x$fpl$fsqrt)
    __aeabi_fsub                             0x08006bc5   Thumb Code     0  faddsub_clz.o(x$fpl$fsub)
    _fsub                                    0x08006bc5   Thumb Code   234  faddsub_clz.o(x$fpl$fsub)
    _printf_fp_dec                           0x08006caf   Thumb Code     4  printf1.o(x$fpl$printf1)
    __fpl_return_NaN                         0x08006cb3   Thumb Code   100  retnan.o(x$fpl$retnan)
    __ARM_scalbnf                            0x08006d17   Thumb Code    76  scalbnf.o(x$fpl$scalbnf)
    __fpl_cmpreturn                          0x08006d63   Thumb Code    48  trapv.o(x$fpl$trapveneer)
    __I$use$fp                               0x08006d92   Number         0  usenofp.o(x$fpl$usenofp)
    defaultTask_attributes                   0x08006d94   Data          36  freertos.o(.constdata)
    ledTask_attributes                       0x08006db8   Data          36  user_taskinit.o(.constdata)
    oledTask_attributes                      0x08006ddc   Data          36  user_taskinit.o(.constdata)
    imuTask_attributes                       0x08006e00   Data          36  user_taskinit.o(.constdata)
    motorTask_attributes                     0x08006e24   Data          36  user_taskinit.o(.constdata)
    AHBPrescTable                            0x08006e48   Data          16  system_stm32f1xx.o(.constdata)
    APBPrescTable                            0x08006e58   Data           8  system_stm32f1xx.o(.constdata)
    OLED_F8x16                               0x08006e84   Data        1520  oled.o(.constdata)
    Region$$Table$$Base                      0x0800758c   Number         0  anon$$obj.o(Region$$Table)
    Region$$Table$$Limit                     0x080075ac   Number         0  anon$$obj.o(Region$$Table)
    defaultTaskHandle                        0x20000000   Data           4  freertos.o(.data)
    imuInitResultQueueHandle                 0x2000001c   Data           4  user_taskinit.o(.data)
    imuPoseQueueHandle                       0x20000020   Data           4  user_taskinit.o(.data)
    ledTaskHandle                            0x20000024   Data           4  user_taskinit.o(.data)
    oledTaskHandle                           0x20000028   Data           4  user_taskinit.o(.data)
    imuTaskHandle                            0x2000002c   Data           4  user_taskinit.o(.data)
    motorTaskHandle                          0x20000030   Data           4  user_taskinit.o(.data)
    pxCurrentTCB                             0x20000034   Data           4  tasks.o(.data)
    SystemCoreClock                          0x200000b4   Data           4  system_stm32f1xx.o(.data)
    uwTickFreq                               0x200000b8   Data           1  stm32f1xx_hal.o(.data)
    uwTickPrio                               0x200000bc   Data           4  stm32f1xx_hal.o(.data)
    uwTick                                   0x200000c0   Data           4  stm32f1xx_hal.o(.data)
    oled_iic_bus                             0x200000c4   Data          16  oled.o(.data)
    acce_x                                   0x200000d4   Data           4  mpu6050.o(.data)
    acce_y                                   0x200000d8   Data           4  mpu6050.o(.data)
    gyro_x                                   0x200000dc   Data           4  mpu6050.o(.data)
    gyro_y                                   0x200000e0   Data           4  mpu6050.o(.data)
    mpu6050_iic_bus                          0x200000e4   Data          16  mpu6050.o(.data)
    e_P                                      0x200000f4   Data          16  mpu6050.o(.data)
    hrtc                                     0x20000108   Data          20  rtc.o(.bss)
    htim3                                    0x2000011c   Data          72  tim.o(.bss)
    huart2                                   0x20000164   Data          72  usart.o(.bss)
    htim4                                    0x200001ac   Data          72  stm32f1xx_hal_timebase_tim.o(.bss)
    xQueueRegistry                           0x2000024c   Data          64  queue.o(.bss)
    k_k                                      0x20002f20   Data          16  mpu6050.o(.bss)
    __libspace_start                         0x20002f50   Data          96  libspace.o(.bss)
    __temporary_stack_top$libspace           0x20002fb0   Data           0  libspace.o(.bss)



==============================================================================

Memory Map of the image

  Image Entry point : 0x080000ed

  Load Region LR_IROM1 (Base: 0x08000000, Size: 0x000076d0, Max: 0x00010000, ABSOLUTE)

    Execution Region ER_IROM1 (Exec base: 0x08000000, Load base: 0x08000000, Size: 0x000075c8, Max: 0x00010000, ABSOLUTE)

    Exec Addr    Load Addr    Size         Type   Attr      Idx    E Section Name        Object

    0x08000000   0x08000000   0x000000ec   Data   RO            3    RESET               startup_stm32f103xb.o
    0x080000ec   0x080000ec   0x00000008   Code   RO         5826  * !!!main             c_w.l(__main.o)
    0x080000f4   0x080000f4   0x00000034   Code   RO         6164    !!!scatter          c_w.l(__scatter.o)
    0x08000128   0x08000128   0x0000001a   Code   RO         6166    !!handler_copy      c_w.l(__scatter_copy.o)
    0x08000142   0x08000142   0x00000002   PAD
    0x08000144   0x08000144   0x0000001c   Code   RO         6168    !!handler_zi        c_w.l(__scatter_zi.o)
    0x08000160   0x08000160   0x00000000   Code   RO         5815    .ARM.Collect$$_printf_percent$$00000000  c_w.l(_printf_percent.o)
    0x08000160   0x08000160   0x00000006   Code   RO         5814    .ARM.Collect$$_printf_percent$$00000003  c_w.l(_printf_f.o)
    0x08000166   0x08000166   0x00000006   Code   RO         5813    .ARM.Collect$$_printf_percent$$00000009  c_w.l(_printf_d.o)
    0x0800016c   0x0800016c   0x00000004   Code   RO         5913    .ARM.Collect$$_printf_percent$$00000017  c_w.l(_printf_percent_end.o)
    0x08000170   0x08000170   0x00000002   Code   RO         6035    .ARM.Collect$$libinit$$00000000  c_w.l(libinit.o)
    0x08000172   0x08000172   0x00000000   Code   RO         6037    .ARM.Collect$$libinit$$00000002  c_w.l(libinit2.o)
    0x08000172   0x08000172   0x00000000   Code   RO         6039    .ARM.Collect$$libinit$$00000004  c_w.l(libinit2.o)
    0x08000172   0x08000172   0x00000000   Code   RO         6042    .ARM.Collect$$libinit$$0000000A  c_w.l(libinit2.o)
    0x08000172   0x08000172   0x00000000   Code   RO         6044    .ARM.Collect$$libinit$$0000000C  c_w.l(libinit2.o)
    0x08000172   0x08000172   0x00000000   Code   RO         6046    .ARM.Collect$$libinit$$0000000E  c_w.l(libinit2.o)
    0x08000172   0x08000172   0x00000006   Code   RO         6047    .ARM.Collect$$libinit$$0000000F  c_w.l(libinit2.o)
    0x08000178   0x08000178   0x00000000   Code   RO         6049    .ARM.Collect$$libinit$$00000011  c_w.l(libinit2.o)
    0x08000178   0x08000178   0x00000000   Code   RO         6051    .ARM.Collect$$libinit$$00000013  c_w.l(libinit2.o)
    0x08000178   0x08000178   0x00000000   Code   RO         6053    .ARM.Collect$$libinit$$00000015  c_w.l(libinit2.o)
    0x08000178   0x08000178   0x0000000a   Code   RO         6054    .ARM.Collect$$libinit$$00000016  c_w.l(libinit2.o)
    0x08000182   0x08000182   0x00000000   Code   RO         6055    .ARM.Collect$$libinit$$00000017  c_w.l(libinit2.o)
    0x08000182   0x08000182   0x00000000   Code   RO         6057    .ARM.Collect$$libinit$$00000019  c_w.l(libinit2.o)
    0x08000182   0x08000182   0x00000000   Code   RO         6059    .ARM.Collect$$libinit$$0000001B  c_w.l(libinit2.o)
    0x08000182   0x08000182   0x00000000   Code   RO         6061    .ARM.Collect$$libinit$$0000001D  c_w.l(libinit2.o)
    0x08000182   0x08000182   0x00000000   Code   RO         6063    .ARM.Collect$$libinit$$0000001F  c_w.l(libinit2.o)
    0x08000182   0x08000182   0x00000000   Code   RO         6065    .ARM.Collect$$libinit$$00000021  c_w.l(libinit2.o)
    0x08000182   0x08000182   0x00000000   Code   RO         6067    .ARM.Collect$$libinit$$00000023  c_w.l(libinit2.o)
    0x08000182   0x08000182   0x00000000   Code   RO         6069    .ARM.Collect$$libinit$$00000025  c_w.l(libinit2.o)
    0x08000182   0x08000182   0x00000000   Code   RO         6073    .ARM.Collect$$libinit$$0000002C  c_w.l(libinit2.o)
    0x08000182   0x08000182   0x00000000   Code   RO         6075    .ARM.Collect$$libinit$$0000002E  c_w.l(libinit2.o)
    0x08000182   0x08000182   0x00000000   Code   RO         6077    .ARM.Collect$$libinit$$00000030  c_w.l(libinit2.o)
    0x08000182   0x08000182   0x00000000   Code   RO         6079    .ARM.Collect$$libinit$$00000032  c_w.l(libinit2.o)
    0x08000182   0x08000182   0x00000002   Code   RO         6080    .ARM.Collect$$libinit$$00000033  c_w.l(libinit2.o)
    0x08000184   0x08000184   0x00000002   Code   RO         6112    .ARM.Collect$$libshutdown$$00000000  c_w.l(libshutdown.o)
    0x08000186   0x08000186   0x00000000   Code   RO         6123    .ARM.Collect$$libshutdown$$00000002  c_w.l(libshutdown2.o)
    0x08000186   0x08000186   0x00000000   Code   RO         6125    .ARM.Collect$$libshutdown$$00000004  c_w.l(libshutdown2.o)
    0x08000186   0x08000186   0x00000000   Code   RO         6128    .ARM.Collect$$libshutdown$$00000007  c_w.l(libshutdown2.o)
    0x08000186   0x08000186   0x00000000   Code   RO         6131    .ARM.Collect$$libshutdown$$0000000A  c_w.l(libshutdown2.o)
    0x08000186   0x08000186   0x00000000   Code   RO         6133    .ARM.Collect$$libshutdown$$0000000C  c_w.l(libshutdown2.o)
    0x08000186   0x08000186   0x00000000   Code   RO         6136    .ARM.Collect$$libshutdown$$0000000F  c_w.l(libshutdown2.o)
    0x08000186   0x08000186   0x00000002   Code   RO         6137    .ARM.Collect$$libshutdown$$00000010  c_w.l(libshutdown2.o)
    0x08000188   0x08000188   0x00000000   Code   RO         5900    .ARM.Collect$$rtentry$$00000000  c_w.l(__rtentry.o)
    0x08000188   0x08000188   0x00000000   Code   RO         5957    .ARM.Collect$$rtentry$$00000002  c_w.l(__rtentry2.o)
    0x08000188   0x08000188   0x00000006   Code   RO         5969    .ARM.Collect$$rtentry$$00000004  c_w.l(__rtentry4.o)
    0x0800018e   0x0800018e   0x00000000   Code   RO         5959    .ARM.Collect$$rtentry$$00000009  c_w.l(__rtentry2.o)
    0x0800018e   0x0800018e   0x00000004   Code   RO         5960    .ARM.Collect$$rtentry$$0000000A  c_w.l(__rtentry2.o)
    0x08000192   0x08000192   0x00000000   Code   RO         5962    .ARM.Collect$$rtentry$$0000000C  c_w.l(__rtentry2.o)
    0x08000192   0x08000192   0x00000008   Code   RO         5963    .ARM.Collect$$rtentry$$0000000D  c_w.l(__rtentry2.o)
    0x0800019a   0x0800019a   0x00000002   Code   RO         6083    .ARM.Collect$$rtexit$$00000000  c_w.l(rtexit.o)
    0x0800019c   0x0800019c   0x00000000   Code   RO         6090    .ARM.Collect$$rtexit$$00000002  c_w.l(rtexit2.o)
    0x0800019c   0x0800019c   0x00000004   Code   RO         6091    .ARM.Collect$$rtexit$$00000003  c_w.l(rtexit2.o)
    0x080001a0   0x080001a0   0x00000006   Code   RO         6092    .ARM.Collect$$rtexit$$00000004  c_w.l(rtexit2.o)
    0x080001a6   0x080001a6   0x00000002   PAD
    0x080001a8   0x080001a8   0x00000096   Code   RO         2599    .emb_text           port.o
    0x0800023e   0x0800023e   0x00000002   PAD
    0x08000240   0x08000240   0x00000040   Code   RO            4    .text               startup_stm32f103xb.o
    0x08000280   0x08000280   0x00000034   Code   RO         5787    .text               c_w.l(noretval__2snprintf.o)
    0x080002b4   0x080002b4   0x00000078   Code   RO         5791    .text               c_w.l(_printf_dec.o)
    0x0800032c   0x0800032c   0x00000160   Code   RO         5808    .text               c_w.l(__printf_ss_wp.o)
    0x0800048c   0x0800048c   0x0000008a   Code   RO         5816    .text               c_w.l(rt_memcpy_v6.o)
    0x08000516   0x08000516   0x00000010   Code   RO         5820    .text               c_w.l(aeabi_memset.o)
    0x08000526   0x08000526   0x0000004e   Code   RO         5822    .text               c_w.l(rt_memclr_w.o)
    0x08000574   0x08000574   0x00000006   Code   RO         5824    .text               c_w.l(heapauxi.o)
    0x0800057a   0x0800057a   0x00000016   Code   RO         5901    .text               c_w.l(_rserrno.o)
    0x08000590   0x08000590   0x000000b2   Code   RO         5903    .text               c_w.l(_printf_intcommon.o)
    0x08000642   0x08000642   0x0000041e   Code   RO         5905    .text               c_w.l(_printf_fp_dec.o)
    0x08000a60   0x08000a60   0x00000030   Code   RO         5907    .text               c_w.l(_printf_char_common.o)
    0x08000a90   0x08000a90   0x0000000a   Code   RO         5909    .text               c_w.l(_sputc.o)
    0x08000a9a   0x08000a9a   0x00000010   Code   RO         5911    .text               c_w.l(_snputc.o)
    0x08000aaa   0x08000aaa   0x00000064   Code   RO         5914    .text               c_w.l(rt_memcpy_w.o)
    0x08000b0e   0x08000b0e   0x00000044   Code   RO         5916    .text               c_w.l(rt_memclr.o)
    0x08000b52   0x08000b52   0x00000002   PAD
    0x08000b54   0x08000b54   0x00000008   Code   RO         5974    .text               c_w.l(rt_locale_intlibspace.o)
    0x08000b5c   0x08000b5c   0x00000008   Code   RO         5979    .text               c_w.l(rt_errno_addr_intlibspace.o)
    0x08000b64   0x08000b64   0x0000008a   Code   RO         5981    .text               c_w.l(lludiv10.o)
    0x08000bee   0x08000bee   0x00000002   PAD
    0x08000bf0   0x08000bf0   0x00000080   Code   RO         5983    .text               c_w.l(_printf_fp_infnan.o)
    0x08000c70   0x08000c70   0x000000e4   Code   RO         5987    .text               c_w.l(bigflt0.o)
    0x08000d54   0x08000d54   0x00000008   Code   RO         6021    .text               c_w.l(libspace.o)
    0x08000d5c   0x08000d5c   0x0000004a   Code   RO         6024    .text               c_w.l(sys_stackheap_outer.o)
    0x08000da6   0x08000da6   0x00000012   Code   RO         6026    .text               c_w.l(exit.o)
    0x08000db8   0x08000db8   0x00000080   Code   RO         6028    .text               c_w.l(strcmpv7m.o)
    0x08000e38   0x08000e38   0x0000000c   Code   RO         6102    .text               c_w.l(sys_exit.o)
    0x08000e44   0x08000e44   0x00000002   Code   RO         6113    .text               c_w.l(use_no_semi.o)
    0x08000e46   0x08000e46   0x00000000   Code   RO         6115    .text               c_w.l(indicate_semi.o)
    0x08000e46   0x08000e46   0x0000003e   Code   RO         5990    CL$$btod_d2e        c_w.l(btod.o)
    0x08000e84   0x08000e84   0x00000046   Code   RO         5992    CL$$btod_d2e_denorm_low  c_w.l(btod.o)
    0x08000eca   0x08000eca   0x00000060   Code   RO         5991    CL$$btod_d2e_norm_op1  c_w.l(btod.o)
    0x08000f2a   0x08000f2a   0x00000338   Code   RO         6000    CL$$btod_div_common  c_w.l(btod.o)
    0x08001262   0x08001262   0x000000dc   Code   RO         5997    CL$$btod_e2e        c_w.l(btod.o)
    0x0800133e   0x0800133e   0x0000002a   Code   RO         5994    CL$$btod_ediv       c_w.l(btod.o)
    0x08001368   0x08001368   0x0000002a   Code   RO         5993    CL$$btod_emul       c_w.l(btod.o)
    0x08001392   0x08001392   0x00000244   Code   RO         5999    CL$$btod_mult_common  c_w.l(btod.o)
    0x080015d6   0x080015d6   0x00000010   Code   RO          786    i.App_assert        user_taskinit.o
    0x080015e6   0x080015e6   0x00000002   Code   RO          527    i.BusFault_Handler  stm32f1xx_it.o
    0x080015e8   0x080015e8   0x00000002   Code   RO          528    i.DebugMon_Handler  stm32f1xx_it.o
    0x080015ea   0x080015ea   0x00000004   Code   RO           13    i.Error_Handler     main.o
    0x080015ee   0x080015ee   0x00000046   Code   RO         4107    i.HAL_DMA_Abort     stm32f1xx_hal_dma.o
    0x08001634   0x08001634   0x00000098   Code   RO         4108    i.HAL_DMA_Abort_IT  stm32f1xx_hal_dma.o
    0x080016cc   0x080016cc   0x000001e0   Code   RO         4043    i.HAL_GPIO_Init     stm32f1xx_hal_gpio.o
    0x080018ac   0x080018ac   0x00000010   Code   RO         4046    i.HAL_GPIO_TogglePin  stm32f1xx_hal_gpio.o
    0x080018bc   0x080018bc   0x0000000a   Code   RO         4047    i.HAL_GPIO_WritePin  stm32f1xx_hal_gpio.o
    0x080018c6   0x080018c6   0x00000002   PAD
    0x080018c8   0x080018c8   0x0000000c   Code   RO         3737    i.HAL_GetTick       stm32f1xx_hal.o
    0x080018d4   0x080018d4   0x00000010   Code   RO         3743    i.HAL_IncTick       stm32f1xx_hal.o
    0x080018e4   0x080018e4   0x00000024   Code   RO         3744    i.HAL_Init          stm32f1xx_hal.o
    0x08001908   0x08001908   0x00000098   Code   RO          627    i.HAL_InitTick      stm32f1xx_hal_timebase_tim.o
    0x080019a0   0x080019a0   0x00000048   Code   RO          603    i.HAL_MspInit       stm32f1xx_hal_msp.o
    0x080019e8   0x080019e8   0x0000001a   Code   RO         4203    i.HAL_NVIC_EnableIRQ  stm32f1xx_hal_cortex.o
    0x08001a02   0x08001a02   0x00000002   PAD
    0x08001a04   0x08001a04   0x00000040   Code   RO         4209    i.HAL_NVIC_SetPriority  stm32f1xx_hal_cortex.o
    0x08001a44   0x08001a44   0x00000024   Code   RO         4210    i.HAL_NVIC_SetPriorityGrouping  stm32f1xx_hal_cortex.o
    0x08001a68   0x08001a68   0x0000000c   Code   RO         4325    i.HAL_PWR_EnableBkUpAccess  stm32f1xx_hal_pwr.o
    0x08001a74   0x08001a74   0x000000a4   Code   RO         4004    i.HAL_RCCEx_GetPeriphCLKFreq  stm32f1xx_hal_rcc_ex.o
    0x08001b18   0x08001b18   0x000000ec   Code   RO         4005    i.HAL_RCCEx_PeriphCLKConfig  stm32f1xx_hal_rcc_ex.o
    0x08001c04   0x08001c04   0x0000012c   Code   RO         3901    i.HAL_RCC_ClockConfig  stm32f1xx_hal_rcc.o
    0x08001d30   0x08001d30   0x00000040   Code   RO         3905    i.HAL_RCC_GetClockConfig  stm32f1xx_hal_rcc.o
    0x08001d70   0x08001d70   0x00000020   Code   RO         3908    i.HAL_RCC_GetPCLK1Freq  stm32f1xx_hal_rcc.o
    0x08001d90   0x08001d90   0x00000020   Code   RO         3909    i.HAL_RCC_GetPCLK2Freq  stm32f1xx_hal_rcc.o
    0x08001db0   0x08001db0   0x0000004c   Code   RO         3910    i.HAL_RCC_GetSysClockFreq  stm32f1xx_hal_rcc.o
    0x08001dfc   0x08001dfc   0x00000320   Code   RO         3913    i.HAL_RCC_OscConfig  stm32f1xx_hal_rcc.o
    0x0800211c   0x0800211c   0x00000094   Code   RO         4711    i.HAL_RTC_Init      stm32f1xx_hal_rtc.o
    0x080021b0   0x080021b0   0x00000034   Code   RO          402    i.HAL_RTC_MspInit   rtc.o
    0x080021e4   0x080021e4   0x0000003a   Code   RO         4719    i.HAL_RTC_WaitForSynchro  stm32f1xx_hal_rtc.o
    0x0800221e   0x0800221e   0x00000002   Code   RO         3459    i.HAL_TIMEx_BreakCallback  stm32f1xx_hal_tim_ex.o
    0x08002220   0x08002220   0x00000002   Code   RO         3460    i.HAL_TIMEx_CommutCallback  stm32f1xx_hal_tim_ex.o
    0x08002222   0x08002222   0x00000002   PAD
    0x08002224   0x08002224   0x00000068   Code   RO         3478    i.HAL_TIMEx_MasterConfigSynchronization  stm32f1xx_hal_tim_ex.o
    0x0800228c   0x0800228c   0x0000005a   Code   RO         2755    i.HAL_TIM_Base_Init  stm32f1xx_hal_tim.o
    0x080022e6   0x080022e6   0x00000002   PAD
    0x080022e8   0x080022e8   0x00000044   Code   RO          444    i.HAL_TIM_Base_MspInit  tim.o
    0x0800232c   0x0800232c   0x00000050   Code   RO         2758    i.HAL_TIM_Base_Start  stm32f1xx_hal_tim.o
    0x0800237c   0x0800237c   0x00000058   Code   RO         2760    i.HAL_TIM_Base_Start_IT  stm32f1xx_hal_tim.o
    0x080023d4   0x080023d4   0x000000dc   Code   RO         2764    i.HAL_TIM_ConfigClockSource  stm32f1xx_hal_tim.o
    0x080024b0   0x080024b0   0x00000002   Code   RO         2789    i.HAL_TIM_IC_CaptureCallback  stm32f1xx_hal_tim.o
    0x080024b2   0x080024b2   0x00000130   Code   RO         2803    i.HAL_TIM_IRQHandler  stm32f1xx_hal_tim.o
    0x080025e2   0x080025e2   0x00000002   Code   RO         2806    i.HAL_TIM_OC_DelayElapsedCallback  stm32f1xx_hal_tim.o
    0x080025e4   0x080025e4   0x00000002   Code   RO         2833    i.HAL_TIM_PWM_PulseFinishedCallback  stm32f1xx_hal_tim.o
    0x080025e6   0x080025e6   0x00000002   PAD
    0x080025e8   0x080025e8   0x00000020   Code   RO           14    i.HAL_TIM_PeriodElapsedCallback  main.o
    0x08002608   0x08002608   0x00000002   Code   RO         2846    i.HAL_TIM_TriggerCallback  stm32f1xx_hal_tim.o
    0x0800260a   0x0800260a   0x00000002   Code   RO         4987    i.HAL_UARTEx_RxEventCallback  stm32f1xx_hal_uart.o
    0x0800260c   0x0800260c   0x00000002   Code   RO         5001    i.HAL_UART_ErrorCallback  stm32f1xx_hal_uart.o
    0x0800260e   0x0800260e   0x00000002   PAD
    0x08002610   0x08002610   0x0000026c   Code   RO         5004    i.HAL_UART_IRQHandler  stm32f1xx_hal_uart.o
    0x0800287c   0x0800287c   0x00000064   Code   RO         5005    i.HAL_UART_Init     stm32f1xx_hal_uart.o
    0x080028e0   0x080028e0   0x00000080   Code   RO          486    i.HAL_UART_MspInit  usart.o
    0x08002960   0x08002960   0x00000002   Code   RO         5011    i.HAL_UART_RxCpltCallback  stm32f1xx_hal_uart.o
    0x08002962   0x08002962   0x00000002   Code   RO         5016    i.HAL_UART_TxCpltCallback  stm32f1xx_hal_uart.o
    0x08002964   0x08002964   0x00000002   Code   RO          529    i.HardFault_Handler  stm32f1xx_it.o
    0x08002966   0x08002966   0x00000002   PAD
    0x08002968   0x08002968   0x00000094   Code   RO          709    i.IMU_PublishPose   imu_task.o
    0x080029fc   0x080029fc   0x00000056   Code   RO         5589    i.MPU6050_Calibrate_GyroAcc  mpu6050.o
    0x08002a52   0x08002a52   0x00000076   Code   RO         5591    i.MPU6050_Init      mpu6050.o
    0x08002ac8   0x08002ac8   0x00000260   Code   RO         5592    i.MPU6050_KalmanUpdate  mpu6050.o
    0x08002d28   0x08002d28   0x00000036   Code   RO         5593    i.MPU6050_ReadAccel  mpu6050.o
    0x08002d5e   0x08002d5e   0x00000036   Code   RO         5594    i.MPU6050_ReadGyro  mpu6050.o
    0x08002d94   0x08002d94   0x00000024   Code   RO          330    i.MX_FREERTOS_Init  freertos.o
    0x08002db8   0x08002db8   0x000000ac   Code   RO          216    i.MX_GPIO_Init      gpio.o
    0x08002e64   0x08002e64   0x00000030   Code   RO          403    i.MX_RTC_Init       rtc.o
    0x08002e94   0x08002e94   0x00000068   Code   RO          445    i.MX_TIM3_Init      tim.o
    0x08002efc   0x08002efc   0x00000038   Code   RO          487    i.MX_USART2_UART_Init  usart.o
    0x08002f34   0x08002f34   0x00000002   Code   RO          530    i.MemManage_Handler  stm32f1xx_it.o
    0x08002f36   0x08002f36   0x00000002   PAD
    0x08002f38   0x08002f38   0x0000000c   Code   RO          747    i.Motor_GetCurrentSteps  motor_task.o
    0x08002f44   0x08002f44   0x00000002   Code   RO          531    i.NMI_Handler       stm32f1xx_it.o
    0x08002f46   0x08002f46   0x00000026   Code   RO         5472    i.OLED_Clear        oled.o
    0x08002f6c   0x08002f6c   0x000000bc   Code   RO         5476    i.OLED_Init         oled.o
    0x08003028   0x08003028   0x00000022   Code   RO         5478    i.OLED_SetCursor    oled.o
    0x0800304a   0x0800304a   0x00000002   PAD
    0x0800304c   0x0800304c   0x00000068   Code   RO         5480    i.OLED_ShowChar     oled.o
    0x080030b4   0x080030b4   0x00000026   Code   RO         5484    i.OLED_ShowString   oled.o
    0x080030da   0x080030da   0x00000002   PAD
    0x080030dc   0x080030dc   0x00000098   Code   RO         5485    i.OLED_WriteCommand  oled.o
    0x08003174   0x08003174   0x00000098   Code   RO         5486    i.OLED_WriteData    oled.o
    0x0800320c   0x0800320c   0x00000018   Code   RO          832    i.PID_Init          pid.o
    0x08003224   0x08003224   0x00000008   Code   RO          833    i.PID_Reset         pid.o
    0x0800322c   0x0800322c   0x00000100   Code   RO          834    i.PID_Update        pid.o
    0x0800332c   0x0800332c   0x00000034   Code   RO         4723    i.RTC_EnterInitMode  stm32f1xx_hal_rtc.o
    0x08003360   0x08003360   0x00000036   Code   RO         4724    i.RTC_ExitInitMode  stm32f1xx_hal_rtc.o
    0x08003396   0x08003396   0x00000008   Code   RO          859    i.Ramp_Init         ramp.o
    0x0800339e   0x0800339e   0x00000004   Code   RO          860    i.Ramp_Reset        ramp.o
    0x080033a2   0x080033a2   0x00000002   PAD
    0x080033a4   0x080033a4   0x0000005c   Code   RO          861    i.Ramp_Update       ramp.o
    0x08003400   0x08003400   0x0000000c   Code   RO         5371    i.SCL_Output        iic.o
    0x0800340c   0x0800340c   0x0000001e   Code   RO         5372    i.SDA_InMode        iic.o
    0x0800342a   0x0800342a   0x00000012   Code   RO         5373    i.SDA_Input         iic.o
    0x0800343c   0x0800343c   0x00000022   Code   RO         5374    i.SDA_OutMode       iic.o
    0x0800345e   0x0800345e   0x0000000c   Code   RO         5375    i.SDA_Output        iic.o
    0x0800346a   0x0800346a   0x00000008   Code   RO          331    i.StartDefaultTask  freertos.o
    0x08003472   0x08003472   0x00000002   PAD
    0x08003474   0x08003474   0x0000005c   Code   RO         5696    i.Stepper_BuildPhaseTable  stepper.o
    0x080034d0   0x080034d0   0x00000044   Code   RO         5697    i.Stepper_FreqToArr  stepper.o
    0x08003514   0x08003514   0x00000004   Code   RO         5698    i.Stepper_GetSteps  stepper.o
    0x08003518   0x08003518   0x00000074   Code   RO         5699    i.Stepper_Init      stepper.o
    0x0800358c   0x0800358c   0x00000006   Code   RO         5700    i.Stepper_SetLimit  stepper.o
    0x08003592   0x08003592   0x00000002   PAD
    0x08003594   0x08003594   0x00000090   Code   RO         5701    i.Stepper_SetSpeed  stepper.o
    0x08003624   0x08003624   0x0000006c   Code   RO         5703    i.Stepper_TIM_ElapsedCallback  stepper.o
    0x08003690   0x08003690   0x0000003c   Code   RO         5704    i.Stepper_TimerDisable  stepper.o
    0x080036cc   0x080036cc   0x0000001a   Code   RO         2027    i.SysTick_Handler   cmsis_os2.o
    0x080036e6   0x080036e6   0x00000080   Code   RO           15    i.SystemClock_Config  main.o
    0x08003766   0x08003766   0x00000002   Code   RO         2680    i.SystemInit        system_stm32f1xx.o
    0x08003768   0x08003768   0x0000000c   Code   RO          532    i.TIM3_IRQHandler   stm32f1xx_it.o
    0x08003774   0x08003774   0x0000000c   Code   RO          533    i.TIM4_IRQHandler   stm32f1xx_it.o
    0x08003780   0x08003780   0x00000078   Code   RO         2848    i.TIM_Base_SetConfig  stm32f1xx_hal_tim.o
    0x080037f8   0x080037f8   0x00000014   Code   RO         2859    i.TIM_ETR_SetConfig  stm32f1xx_hal_tim.o
    0x0800380c   0x0800380c   0x00000010   Code   RO         2860    i.TIM_ITRx_SetConfig  stm32f1xx_hal_tim.o
    0x0800381c   0x0800381c   0x00000022   Code   RO         2866    i.TIM_TI1_ConfigInputStage  stm32f1xx_hal_tim.o
    0x0800383e   0x0800383e   0x00000024   Code   RO         2868    i.TIM_TI2_ConfigInputStage  stm32f1xx_hal_tim.o
    0x08003862   0x08003862   0x00000010   Code   RO         5018    i.UART_DMAAbortOnError  stm32f1xx_hal_uart.o
    0x08003872   0x08003872   0x0000004e   Code   RO         5028    i.UART_EndRxTransfer  stm32f1xx_hal_uart.o
    0x080038c0   0x080038c0   0x000000c2   Code   RO         5030    i.UART_Receive_IT   stm32f1xx_hal_uart.o
    0x08003982   0x08003982   0x00000002   PAD
    0x08003984   0x08003984   0x000000b8   Code   RO         5031    i.UART_SetConfig    stm32f1xx_hal_uart.o
    0x08003a3c   0x08003a3c   0x0000000c   Code   RO          534    i.USART2_IRQHandler  stm32f1xx_it.o
    0x08003a48   0x08003a48   0x00000002   Code   RO          535    i.UsageFault_Handler  stm32f1xx_it.o
    0x08003a4a   0x08003a4a   0x00000028   Code   RO         6019    i.__ARM_fpclassify  m_ws.l(fpclassify.o)
    0x08003a72   0x08003a72   0x00000026   Code   RO         5937    i.__ARM_fpclassifyf  m_ws.l(fpclassifyf.o)
    0x08003a98   0x08003a98   0x0000001a   Code   RO         5705    i.__NVIC_ClearPendingIRQ  stepper.o
    0x08003ab2   0x08003ab2   0x00000020   Code   RO         4216    i.__NVIC_SetPriority  stm32f1xx_hal_cortex.o
    0x08003ad2   0x08003ad2   0x00000006   Code   RO         5940    i.__mathlib_flt_infnan  m_ws.l(funder.o)
    0x08003ad8   0x08003ad8   0x00000004   Code   RO         5941    i.__mathlib_flt_infnan2  m_ws.l(funder.o)
    0x08003adc   0x08003adc   0x00000008   Code   RO         5942    i.__mathlib_flt_invalid  m_ws.l(funder.o)
    0x08003ae4   0x08003ae4   0x0000000a   Code   RO         5945    i.__mathlib_flt_underflow  m_ws.l(funder.o)
    0x08003aee   0x08003aee   0x00000002   PAD
    0x08003af0   0x08003af0   0x00000168   Code   RO         5953    i.__mathlib_rredf2  m_ws.l(rredf.o)
    0x08003c58   0x08003c58   0x0000000e   Code   RO         5803    i._is_digit         c_w.l(__printf_wp.o)
    0x08003c66   0x08003c66   0x00000002   PAD
    0x08003c68   0x08003c68   0x0000025c   Code   RO         5861    i.atan2f            m_ws.l(atan2f.o)
    0x08003ec4   0x08003ec4   0x0000017c   Code   RO         5869    i.cosf              m_ws.l(cosf.o)
    0x08004040   0x08004040   0x00000018   Code   RO         5338    i.delay_ms          delay.o
    0x08004058   0x08004058   0x00000040   Code   RO         5339    i.delay_us          delay.o
    0x08004098   0x08004098   0x0000003e   Code   RO         5377    i.iic_init          iic.o
    0x080040d6   0x080040d6   0x0000004e   Code   RO         5378    i.iic_read_byte     iic.o
    0x08004124   0x08004124   0x00000036   Code   RO         5379    i.iic_send_ack      iic.o
    0x0800415a   0x0800415a   0x00000056   Code   RO         5380    i.iic_send_byte     iic.o
    0x080041b0   0x080041b0   0x00000036   Code   RO         5381    i.iic_send_nack     iic.o
    0x080041e6   0x080041e6   0x00000044   Code   RO         5382    i.iic_start         iic.o
    0x0800422a   0x0800422a   0x00000044   Code   RO         5383    i.iic_stop          iic.o
    0x0800426e   0x0800426e   0x00000030   Code   RO         5384    i.iic_wait_ack      iic.o
    0x0800429e   0x0800429e   0x00000002   PAD
    0x080042a0   0x080042a0   0x00000020   Code   RO          710    i.imu_GetPose       imu_task.o
    0x080042c0   0x080042c0   0x00000040   Code   RO          711    i.imu_Task          imu_task.o
    0x08004300   0x08004300   0x00000020   Code   RO          787    i.ledTask           user_taskinit.o
    0x08004320   0x08004320   0x00000026   Code   RO           16    i.main              main.o
    0x08004346   0x08004346   0x00000002   PAD
    0x08004348   0x08004348   0x00000024   Code   RO         5596    i.mpu6050_GPIO_Init  mpu6050.o
    0x0800436c   0x0800436c   0x0000008c   Code   RO         5597    i.mpu6050_ReadMulti  mpu6050.o
    0x080043f8   0x080043f8   0x00000068   Code   RO         5598    i.mpu6050_ReadReg   mpu6050.o
    0x08004460   0x08004460   0x00000050   Code   RO         5599    i.mpu6050_WriteReg  mpu6050.o
    0x080044b0   0x080044b0   0x000000d0   Code   RO          666    i.oledDisplay_Task  display_task.o
    0x08004580   0x08004580   0x0000001a   Code   RO         2029    i.osDelay           cmsis_os2.o
    0x0800459a   0x0800459a   0x0000000e   Code   RO         2041    i.osKernelGetTickCount  cmsis_os2.o
    0x080045a8   0x080045a8   0x00000024   Code   RO         2043    i.osKernelInitialize  cmsis_os2.o
    0x080045cc   0x080045cc   0x00000038   Code   RO         2046    i.osKernelStart     cmsis_os2.o
    0x08004604   0x08004604   0x00000064   Code   RO         2058    i.osMessageQueueGet  cmsis_os2.o
    0x08004668   0x08004668   0x00000058   Code   RO         2063    i.osMessageQueueNew  cmsis_os2.o
    0x080046c0   0x080046c0   0x00000068   Code   RO         2064    i.osMessageQueuePut  cmsis_os2.o
    0x08004728   0x08004728   0x0000008a   Code   RO         2088    i.osThreadNew       cmsis_os2.o
    0x080047b2   0x080047b2   0x00000002   PAD
    0x080047b4   0x080047b4   0x0000005c   Code   RO         1488    i.prvAddCurrentTaskToDelayedList  tasks.o
    0x08004810   0x08004810   0x000000d0   Code   RO         1489    i.prvAddNewTaskToReadyList  tasks.o
    0x080048e0   0x080048e0   0x00000058   Code   RO         1853    i.prvCheckForValidListAndQueue  timers.o
    0x08004938   0x08004938   0x00000026   Code   RO         1085    i.prvCopyDataFromQueue  queue.o
    0x0800495e   0x0800495e   0x0000006c   Code   RO         1086    i.prvCopyDataToQueue  queue.o
    0x080049ca   0x080049ca   0x00000034   Code   RO         1490    i.prvDeleteTCB      tasks.o
    0x080049fe   0x080049fe   0x00000002   PAD
    0x08004a00   0x08004a00   0x0000004c   Code   RO         2544    i.prvHeapInit       heap_4.o
    0x08004a4c   0x08004a4c   0x00000060   Code   RO         1491    i.prvIdleTask       tasks.o
    0x08004aac   0x08004aac   0x00000022   Code   RO         1088    i.prvInitialiseNewQueue  queue.o
    0x08004ace   0x08004ace   0x00000002   PAD
    0x08004ad0   0x08004ad0   0x000000b0   Code   RO         1492    i.prvInitialiseNewTask  tasks.o
    0x08004b80   0x08004b80   0x0000004c   Code   RO         2545    i.prvInsertBlockIntoFreeList  heap_4.o
    0x08004bcc   0x08004bcc   0x00000038   Code   RO         1855    i.prvInsertTimerInActiveList  timers.o
    0x08004c04   0x08004c04   0x0000001c   Code   RO         1089    i.prvIsQueueEmpty   queue.o
    0x08004c20   0x08004c20   0x000000fc   Code   RO         1856    i.prvProcessReceivedCommands  timers.o
    0x08004d1c   0x08004d1c   0x000000c0   Code   RO         1857    i.prvProcessTimerOrBlockTask  timers.o
    0x08004ddc   0x08004ddc   0x00000020   Code   RO         1494    i.prvResetNextTaskUnblockTime  tasks.o
    0x08004dfc   0x08004dfc   0x00000028   Code   RO         1858    i.prvSampleTimeNow  timers.o
    0x08004e24   0x08004e24   0x0000006c   Code   RO         1859    i.prvSwitchTimerLists  timers.o
    0x08004e90   0x08004e90   0x00000028   Code   RO         2600    i.prvTaskExitError  port.o
    0x08004eb8   0x08004eb8   0x00000024   Code   RO         1860    i.prvTimerTask      timers.o
    0x08004edc   0x08004edc   0x0000006a   Code   RO         1090    i.prvUnlockQueue    queue.o
    0x08004f46   0x08004f46   0x00000002   PAD
    0x08004f48   0x08004f48   0x000000e8   Code   RO         2546    i.pvPortMalloc      heap_4.o
    0x08005030   0x08005030   0x00000024   Code   RO         2601    i.pxPortInitialiseStack  port.o
    0x08005054   0x08005054   0x00000188   Code   RO         5877    i.sinf              m_ws.l(sinf.o)
    0x080051dc   0x080051dc   0x0000002c   Code   RO         5885    i.sqrtf             m_ws.l(sqrtf.o)
    0x08005208   0x08005208   0x00000110   Code   RO          748    i.stepper_Task      motor_task.o
    0x08005318   0x08005318   0x00000174   Code   RO         5893    i.tanf              m_ws.l(tanf.o)
    0x0800548c   0x0800548c   0x0000007c   Code   RO          788    i.userTaskInit      user_taskinit.o
    0x08005508   0x08005508   0x00000026   Code   RO         1045    i.uxListRemove      list.o
    0x0800552e   0x0800552e   0x00000002   PAD
    0x08005530   0x08005530   0x00000014   Code   RO         2100    i.vApplicationGetIdleTaskMemory  cmsis_os2.o
    0x08005544   0x08005544   0x00000018   Code   RO         2101    i.vApplicationGetTimerTaskMemory  cmsis_os2.o
    0x0800555c   0x0800555c   0x00000002   Code   RO          332    i.vApplicationMallocFailedHook  freertos.o
    0x0800555e   0x0800555e   0x00000010   Code   RO          333    i.vApplicationStackOverflowHook  freertos.o
    0x0800556e   0x0800556e   0x00000016   Code   RO         1046    i.vListInitialise   list.o
    0x08005584   0x08005584   0x00000006   Code   RO         1047    i.vListInitialiseItem  list.o
    0x0800558a   0x0800558a   0x00000030   Code   RO         1048    i.vListInsert       list.o
    0x080055ba   0x080055ba   0x00000018   Code   RO         1049    i.vListInsertEnd    list.o
    0x080055d2   0x080055d2   0x00000002   PAD
    0x080055d4   0x080055d4   0x00000040   Code   RO         2603    i.vPortEnterCritical  port.o
    0x08005614   0x08005614   0x00000028   Code   RO         2604    i.vPortExitCritical  port.o
    0x0800563c   0x0800563c   0x00000064   Code   RO         2547    i.vPortFree         heap_4.o
    0x080056a0   0x080056a0   0x00000024   Code   RO         2605    i.vPortSetupTimerInterrupt  port.o
    0x080056c4   0x080056c4   0x00000054   Code   RO         2606    i.vPortValidateInterruptPriority  port.o
    0x08005718   0x08005718   0x00000028   Code   RO         1096    i.vQueueAddToRegistry  queue.o
    0x08005740   0x08005740   0x00000044   Code   RO         1100    i.vQueueWaitForMessageRestricted  queue.o
    0x08005784   0x08005784   0x0000004c   Code   RO         1507    i.vTaskDelay        tasks.o
    0x080057d0   0x080057d0   0x00000010   Code   RO         1512    i.vTaskInternalSetTimeOutState  tasks.o
    0x080057e0   0x080057e0   0x0000000c   Code   RO         1513    i.vTaskMissedYield  tasks.o
    0x080057ec   0x080057ec   0x00000030   Code   RO         1515    i.vTaskPlaceOnEventList  tasks.o
    0x0800581c   0x0800581c   0x00000038   Code   RO         1516    i.vTaskPlaceOnEventListRestricted  tasks.o
    0x08005854   0x08005854   0x00000088   Code   RO         1524    i.vTaskStartScheduler  tasks.o
    0x080058dc   0x080058dc   0x00000010   Code   RO         1526    i.vTaskSuspendAll   tasks.o
    0x080058ec   0x080058ec   0x0000008c   Code   RO         1527    i.vTaskSwitchContext  tasks.o
    0x08005978   0x08005978   0x000000a8   Code   RO         2607    i.xPortStartScheduler  port.o
    0x08005a20   0x08005a20   0x0000002c   Code   RO         2608    i.xPortSysTickHandler  port.o
    0x08005a4c   0x08005a4c   0x00000042   Code   RO         1105    i.xQueueGenericCreate  queue.o
    0x08005a8e   0x08005a8e   0x00000066   Code   RO         1106    i.xQueueGenericCreateStatic  queue.o
    0x08005af4   0x08005af4   0x00000088   Code   RO         1107    i.xQueueGenericReset  queue.o
    0x08005b7c   0x08005b7c   0x00000160   Code   RO         1108    i.xQueueGenericSend  queue.o
    0x08005cdc   0x08005cdc   0x000000be   Code   RO         1109    i.xQueueGenericSendFromISR  queue.o
    0x08005d9a   0x08005d9a   0x00000002   PAD
    0x08005d9c   0x08005d9c   0x00000138   Code   RO         1118    i.xQueueReceive     queue.o
    0x08005ed4   0x08005ed4   0x0000009a   Code   RO         1119    i.xQueueReceiveFromISR  queue.o
    0x08005f6e   0x08005f6e   0x00000002   PAD
    0x08005f70   0x08005f70   0x00000074   Code   RO         1529    i.xTaskCheckForTimeOut  tasks.o
    0x08005fe4   0x08005fe4   0x0000005a   Code   RO         1530    i.xTaskCreate       tasks.o
    0x0800603e   0x0800603e   0x00000056   Code   RO         1531    i.xTaskCreateStatic  tasks.o
    0x08006094   0x08006094   0x0000001c   Code   RO         1535    i.xTaskGetSchedulerState  tasks.o
    0x080060b0   0x080060b0   0x0000000c   Code   RO         1536    i.xTaskGetTickCount  tasks.o
    0x080060bc   0x080060bc   0x00000010   Code   RO         1537    i.xTaskGetTickCountFromISR  tasks.o
    0x080060cc   0x080060cc   0x000000c8   Code   RO         1538    i.xTaskIncrementTick  tasks.o
    0x08006194   0x08006194   0x00000080   Code   RO         1541    i.xTaskPriorityDisinherit  tasks.o
    0x08006214   0x08006214   0x00000070   Code   RO         1543    i.xTaskRemoveFromEventList  tasks.o
    0x08006284   0x08006284   0x000000c4   Code   RO         1544    i.xTaskResumeAll    tasks.o
    0x08006348   0x08006348   0x00000060   Code   RO         1869    i.xTimerCreateTimerTask  timers.o
    0x080063a8   0x080063a8   0x00000068   Code   RO         1870    i.xTimerGenericCommand  timers.o
    0x08006410   0x08006410   0x0000002c   Code   RO         6013    locale$$code        c_w.l(lc_numeric_c.o)
    0x0800643c   0x0800643c   0x0000000c   Code   RO         5918    x$fpl$dretinf       fz_ws.l(dretinf.o)
    0x08006448   0x08006448   0x00000056   Code   RO         5828    x$fpl$f2d           fz_ws.l(f2d.o)
    0x0800649e   0x0800649e   0x00000002   PAD
    0x080064a0   0x080064a0   0x000000c4   Code   RO         5830    x$fpl$fadd          fz_ws.l(faddsub_clz.o)
    0x08006564   0x08006564   0x0000000c   Code   RO         5920    x$fpl$fcheck1       fz_ws.l(fcheck1.o)
    0x08006570   0x08006570   0x00000018   Code   RO         5922    x$fpl$fcmpinf       fz_ws.l(fcmpi.o)
    0x08006588   0x08006588   0x00000184   Code   RO         5837    x$fpl$fdiv          fz_ws.l(fdiv.o)
    0x0800670c   0x0800670c   0x00000036   Code   RO         5924    x$fpl$ffix          fz_ws.l(ffix.o)
    0x08006742   0x08006742   0x00000002   PAD
    0x08006744   0x08006744   0x0000003e   Code   RO         5840    x$fpl$ffixu         fz_ws.l(ffixu.o)
    0x08006782   0x08006782   0x00000002   PAD
    0x08006784   0x08006784   0x00000030   Code   RO         5845    x$fpl$fflt          fz_ws.l(fflt_clz.o)
    0x080067b4   0x080067b4   0x00000026   Code   RO         5844    x$fpl$ffltu         fz_ws.l(fflt_clz.o)
    0x080067da   0x080067da   0x00000002   PAD
    0x080067dc   0x080067dc   0x00000068   Code   RO         5850    x$fpl$fleqf         fz_ws.l(fleqf.o)
    0x08006844   0x08006844   0x00000102   Code   RO         5852    x$fpl$fmul          fz_ws.l(fmul.o)
    0x08006946   0x08006946   0x0000008c   Code   RO         5928    x$fpl$fnaninf       fz_ws.l(fnaninf.o)
    0x080069d2   0x080069d2   0x0000000a   Code   RO         5930    x$fpl$fretinf       fz_ws.l(fretinf.o)
    0x080069dc   0x080069dc   0x00000062   Code   RO         5854    x$fpl$frleqf        fz_ws.l(frleqf.o)
    0x08006a3e   0x08006a3e   0x00000002   PAD
    0x08006a40   0x08006a40   0x00000060   Code   RO         5932    x$fpl$frnd          fz_ws.l(frnd.o)
    0x08006aa0   0x08006aa0   0x00000014   Code   RO         5831    x$fpl$frsb          fz_ws.l(faddsub_clz.o)
    0x08006ab4   0x08006ab4   0x00000110   Code   RO         5934    x$fpl$fsqrt         fz_ws.l(fsqrt.o)
    0x08006bc4   0x08006bc4   0x000000ea   Code   RO         5832    x$fpl$fsub          fz_ws.l(faddsub_clz.o)
    0x08006cae   0x08006cae   0x00000004   Code   RO         5856    x$fpl$printf1       fz_ws.l(printf1.o)
    0x08006cb2   0x08006cb2   0x00000064   Code   RO         6017    x$fpl$retnan        fz_ws.l(retnan.o)
    0x08006d16   0x08006d16   0x0000004c   Code   RO         5858    x$fpl$scalbnf       fz_ws.l(scalbnf.o)
    0x08006d62   0x08006d62   0x00000030   Code   RO         6081    x$fpl$trapveneer    fz_ws.l(trapv.o)
    0x08006d92   0x08006d92   0x00000000   Code   RO         5936    x$fpl$usenofp       fz_ws.l(usenofp.o)
    0x08006d92   0x08006d92   0x00000002   PAD
    0x08006d94   0x08006d94   0x00000024   Data   RO          334    .constdata          freertos.o
    0x08006db8   0x08006db8   0x00000090   Data   RO          789    .constdata          user_taskinit.o
    0x08006e48   0x08006e48   0x00000010   Data   RO         2681    .constdata          system_stm32f1xx.o
    0x08006e58   0x08006e58   0x00000008   Data   RO         2682    .constdata          system_stm32f1xx.o
    0x08006e60   0x08006e60   0x00000012   Data   RO         3914    .constdata          stm32f1xx_hal_rcc.o
    0x08006e72   0x08006e72   0x00000012   Data   RO         4006    .constdata          stm32f1xx_hal_rcc_ex.o
    0x08006e84   0x08006e84   0x000005f0   Data   RO         5487    .constdata          oled.o
    0x08007474   0x08007474   0x00000020   Data   RO         5707    .constdata          stepper.o
    0x08007494   0x08007494   0x00000020   Data   RO         5954    .constdata          m_ws.l(rredf.o)
    0x080074b4   0x080074b4   0x00000094   Data   RO         5988    .constdata          c_w.l(bigflt0.o)
    0x08007548   0x08007548   0x0000000c   Data   RO          335    .conststring        freertos.o
    0x08007554   0x08007554   0x00000038   Data   RO          790    .conststring        user_taskinit.o
    0x0800758c   0x0800758c   0x00000020   Data   RO         6162    Region$$Table       anon$$obj.o
    0x080075ac   0x080075ac   0x0000001c   Data   RO         6012    locale$$data        c_w.l(lc_numeric_c.o)


    Execution Region RW_IRAM1 (Exec base: 0x20000000, Load base: 0x080075c8, Size: 0x000035b0, Max: 0x00005000, ABSOLUTE)

    Exec Addr    Load Addr    Size         Type   Attr      Idx    E Section Name        Object

    0x20000000   0x080075c8   0x00000004   Data   RW          336    .data               freertos.o
    0x20000004   0x080075cc   0x00000010   Data   RW          713    .data               imu_task.o
    0x20000014   0x080075dc   0x00000008   Data   RW          750    .data               motor_task.o
    0x2000001c   0x080075e4   0x00000018   Data   RW          791    .data               user_taskinit.o
    0x20000034   0x080075fc   0x0000003c   Data   RW         1547    .data               tasks.o
    0x20000070   0x08007638   0x00000014   Data   RW         1878    .data               timers.o
    0x20000084   0x0800764c   0x00000004   Data   RW         2105    .data               cmsis_os2.o
    0x20000088   0x08007650   0x00000020   Data   RW         2553    .data               heap_4.o
    0x200000a8   0x08007670   0x0000000c   Data   RW         2609    .data               port.o
    0x200000b4   0x0800767c   0x00000004   Data   RW         2683    .data               system_stm32f1xx.o
    0x200000b8   0x08007680   0x0000000c   Data   RW         3751    .data               stm32f1xx_hal.o
    0x200000c4   0x0800768c   0x00000010   Data   RW         5488    .data               oled.o
    0x200000d4   0x0800769c   0x00000030   Data   RW         5601    .data               mpu6050.o
    0x20000104   0x080076cc   0x00000004   Data   RW         5708    .data               stepper.o
    0x20000108        -       0x00000014   Zero   RW          404    .bss                rtc.o
    0x2000011c        -       0x00000048   Zero   RW          446    .bss                tim.o
    0x20000164        -       0x00000048   Zero   RW          488    .bss                usart.o
    0x200001ac        -       0x00000048   Zero   RW          630    .bss                stm32f1xx_hal_timebase_tim.o
    0x200001f4        -       0x00000024   Zero   RW          712    .bss                imu_task.o
    0x20000218        -       0x00000034   Zero   RW          749    .bss                motor_task.o
    0x2000024c        -       0x00000040   Zero   RW         1122    .bss                queue.o
    0x2000028c        -       0x000004c4   Zero   RW         1546    .bss                tasks.o
    0x20000750        -       0x00000118   Zero   RW         1877    .bss                timers.o
    0x20000868        -       0x000006b8   Zero   RW         2104    .bss                cmsis_os2.o
    0x20000f20        -       0x00002000   Zero   RW         2552    .bss                heap_4.o
    0x20002f20        -       0x00000010   Zero   RW         5600    .bss                mpu6050.o
    0x20002f30        -       0x00000020   Zero   RW         5706    .bss                stepper.o
    0x20002f50        -       0x00000060   Zero   RW         6022    .bss                c_w.l(libspace.o)
    0x20002fb0        -       0x00000200   Zero   RW            2    HEAP                startup_stm32f103xb.o
    0x200031b0        -       0x00000400   Zero   RW            1    STACK               startup_stm32f103xb.o


==============================================================================

Image component sizes


      Code (inc. data)   RO Data    RW Data    ZI Data      Debug   Object Name

       632         30          0          4       1720      47638   cmsis_os2.o
         0          0          0          0          0       7048   croutine.o
        88         10          0          0          0       1110   delay.o
       208         70          0          0          0       4675   display_task.o
         0          0          0          0          0      19468   event_groups.o
        62         14         48          4          0       8008   freertos.o
       172         12          0          0          0     427195   gpio.o
       484         26          0         32       8192       4707   heap_4.o
       624          0          0          0          0       7245   iic.o
       244         38          0         16         36       2329   imu_task.o
       138          0          0          0          0       3310   list.o
       202          6          0          0          0     423290   main.o
       284         54          0          8         52       2199   motor_task.o
      1280         70          0         48         16       9707   mpu6050.o
       706         26       1520         16          0       5098   oled.o
       288         10          0          0          0       2560   pid.o
       662         70          0         12          0      10573   port.o
      1734         20          0          0         64      19237   queue.o
       104         10          0          0          0       2239   ramp.o
       100         22          0          0         20       1455   rtc.o
        64         26        236          0       1536        796   startup_stm32f103xb.o
       624         80         32          4         32      35608   stepper.o
        64         14          0         12          0       4558   stm32f1xx_hal.o
       158         14          0          0          0      28110   stm32f1xx_hal_cortex.o
       222          4          0          0          0       1727   stm32f1xx_hal_dma.o
       506         34          0          0          0       3441   stm32f1xx_hal_gpio.o
        72         10          0          0          0        842   stm32f1xx_hal_msp.o
        12          4          0          0          0        499   stm32f1xx_hal_pwr.o
      1304         94         18          0          0       5641   stm32f1xx_hal_rcc.o
       400         28         18          0          0       2429   stm32f1xx_hal_rcc_ex.o
       312          4          0          0          0       3640   stm32f1xx_hal_rtc.o
      1016         38          0          0          0      10298   stm32f1xx_hal_tim.o
       108         12          0          0          0       2345   stm32f1xx_hal_tim_ex.o
       152         20          0          0         72       1435   stm32f1xx_hal_timebase_tim.o
      1200         10          0          0          0       7820   stm32f1xx_hal_uart.o
        48         18          0          0          0       3761   stm32f1xx_it.o
         0          0          0          0          0       9484   stream_buffer.o
         2          0         24          4          0       1071   system_stm32f1xx.o
      2140        170          0         60       1220      26511   tasks.o
       172         16          0          0         72       1610   tim.o
       972         80          0         20        280      31727   timers.o
       184         22          0          0         72       1634   usart.o
       172         32        200         24          0       2569   user_taskinit.o

    ----------------------------------------------------------------------
     17966       1218       2128        264      13384    1196647   Object Totals
         0          0         32          0          0          0   (incl. Generated)
        50          0          0          0          0          0   (incl. Padding)

    ----------------------------------------------------------------------

      Code (inc. data)   RO Data    RW Data    ZI Data      Debug   Library Member Name

         8          0          0          0          0         68   __main.o
       352          0          0          0          0         88   __printf_ss_wp.o
        14          0          0          0          0         68   __printf_wp.o
         0          0          0          0          0          0   __rtentry.o
        12          0          0          0          0          0   __rtentry2.o
         6          0          0          0          0          0   __rtentry4.o
        52          8          0          0          0          0   __scatter.o
        26          0          0          0          0          0   __scatter_copy.o
        28          0          0          0          0          0   __scatter_zi.o
        48          6          0          0          0         96   _printf_char_common.o
         6          0          0          0          0          0   _printf_d.o
       120         16          0          0          0         92   _printf_dec.o
         6          0          0          0          0          0   _printf_f.o
      1054          0          0          0          0        216   _printf_fp_dec.o
       128         16          0          0          0         84   _printf_fp_infnan.o
       178          0          0          0          0         88   _printf_intcommon.o
         0          0          0          0          0          0   _printf_percent.o
         4          0          0          0          0          0   _printf_percent_end.o
        22          0          0          0          0        100   _rserrno.o
        16          0          0          0          0         68   _snputc.o
        10          0          0          0          0         68   _sputc.o
        16          0          0          0          0         68   aeabi_memset.o
       228          4        148          0          0         96   bigflt0.o
      1936        128          0          0          0        672   btod.o
        18          0          0          0          0         80   exit.o
         6          0          0          0          0        152   heapauxi.o
         0          0          0          0          0          0   indicate_semi.o
        44         10         28          0          0         76   lc_numeric_c.o
         2          0          0          0          0          0   libinit.o
        18          0          0          0          0          0   libinit2.o
         2          0          0          0          0          0   libshutdown.o
         2          0          0          0          0          0   libshutdown2.o
         8          4          0          0         96         68   libspace.o
       138          0          0          0          0         80   lludiv10.o
        52          4          0          0          0         84   noretval__2snprintf.o
         8          4          0          0          0         68   rt_errno_addr_intlibspace.o
         8          4          0          0          0         68   rt_locale_intlibspace.o
        68          0          0          0          0         68   rt_memclr.o
        78          0          0          0          0         80   rt_memclr_w.o
       138          0          0          0          0         68   rt_memcpy_v6.o
       100          0          0          0          0         80   rt_memcpy_w.o
         2          0          0          0          0          0   rtexit.o
        10          0          0          0          0          0   rtexit2.o
       128          0          0          0          0         68   strcmpv7m.o
        12          4          0          0          0         68   sys_exit.o
        74          0          0          0          0         80   sys_stackheap_outer.o
         2          0          0          0          0         68   use_no_semi.o
        12          0          0          0          0         68   dretinf.o
        86          4          0          0          0         84   f2d.o
       450          8          0          0          0        236   faddsub_clz.o
        12          4          0          0          0         68   fcheck1.o
        24          0          0          0          0         68   fcmpi.o
       388         76          0          0          0         96   fdiv.o
        54          4          0          0          0         84   ffix.o
        62          4          0          0          0         84   ffixu.o
        86          0          0          0          0        136   fflt_clz.o
       104          4          0          0          0         84   fleqf.o
       258          4          0          0          0         84   fmul.o
       140          4          0          0          0         84   fnaninf.o
        10          0          0          0          0         68   fretinf.o
        98          0          0          0          0         68   frleqf.o
        96          4          0          0          0         76   frnd.o
       272        100          0          0          0         88   fsqrt.o
         4          0          0          0          0         68   printf1.o
       100          0          0          0          0         68   retnan.o
        76          0          0          0          0         68   scalbnf.o
        48          0          0          0          0         68   trapv.o
         0          0          0          0          0          0   usenofp.o
       604         76          0          0          0        116   atan2f.o
       380         52          0          0          0        124   cosf.o
        40          0          0          0          0         68   fpclassify.o
        38          0          0          0          0         68   fpclassifyf.o
        28          0          0          0          0        272   funder.o
       360         16         32          0          0         88   rredf.o
       392         54          0          0          0        124   sinf.o
        44          0          0          0          0         80   sqrtf.o
       372         58          0          0          0        124   tanf.o

    ----------------------------------------------------------------------
      9850        680        208          0         96       5940   Library Totals
        24          0          0          0          0          0   (incl. Padding)

    ----------------------------------------------------------------------

      Code (inc. data)   RO Data    RW Data    ZI Data      Debug   Library Name

      5188        208        176          0         96       3128   c_w.l
      2380        216          0          0          0       1748   fz_ws.l
      2258        256         32          0          0       1064   m_ws.l

    ----------------------------------------------------------------------
      9850        680        208          0         96       5940   Library Totals

    ----------------------------------------------------------------------

==============================================================================


      Code (inc. data)   RO Data    RW Data    ZI Data      Debug   

     27816       1898       2336        264      13480    1188335   Grand Totals
     27816       1898       2336        264      13480    1188335   ELF Image Totals
     27816       1898       2336        264          0          0   ROM Totals

==============================================================================

    Total RO  Size (Code + RO Data)                30152 (  29.45kB)
    Total RW  Size (RW Data + ZI Data)             13744 (  13.42kB)
    Total ROM Size (Code + RO Data + RW Data)      30416 (  29.70kB)

==============================================================================

